../Core/Src/main.c:83:5:main	8	static
../Core/Src/main.c:142:6:SystemClock_Config	104	static
../Core/Src/main.c:189:13:MX_I2C1_Init	8	static
../Core/Src/main.c:235:13:MX_RTC_Init	32	static
../Core/Src/main.c:297:13:MX_USART2_UART_Init	8	static
../Core/Src/main.c:332:13:MX_GPIO_Init	48	static
../Core/Src/main.c:392:6:read_all_data	8	static
../Core/Src/main.c:397:6:set_time	48	static
../Core/Src/main.c:422:6:get_time_to_store	40	static
../Core/Src/main.c:440:6:store_one_set	24	static
../Core/Src/main.c:460:6:debugPrintln	24	static
../Core/Src/main.c:473:6:Error_Handler	8	static,ignoring_inline_asm
