../Core/Src/main.c:83:5:main	16	static
../Core/Src/main.c:137:6:SystemClock_Config	104	static
../Core/Src/main.c:186:13:MX_I2C1_Init	8	static
../Core/Src/main.c:232:13:MX_RTC_Init	32	static
../Core/Src/main.c:294:13:MX_USART1_UART_Init	8	static
../Core/Src/main.c:329:13:MX_GPIO_Init	48	static
../Core/Src/main.c:389:6:read_all_data	8	static
../Core/Src/main.c:394:6:set_time	48	static
../Core/Src/main.c:419:6:get_time_to_store	40	static
../Core/Src/main.c:437:6:store_one_set	24	static
../Core/Src/main.c:457:6:debugPrintln	24	static
../Core/Src/main.c:470:6:Error_Handler	8	static,ignoring_inline_asm
