Archive member included to satisfy reference by file (symbol)

c:/st/stm32cubeide_1.8.0/stm32cubeide/plugins/com.st.stm32cube.ide.mcu.externaltools.gnu-tools-for-stm32.10.3-2021.10.win32_1.0.0.202111181127/tools/bin/../lib/gcc/arm-none-eabi/10.3.1/../../../../arm-none-eabi/lib/thumb/v6-m/nofp\libc_nano.a(lib_a-errno.o)
                              ./Core/Src/syscalls.o (__errno)
c:/st/stm32cubeide_1.8.0/stm32cubeide/plugins/com.st.stm32cube.ide.mcu.externaltools.gnu-tools-for-stm32.10.3-2021.10.win32_1.0.0.202111181127/tools/bin/../lib/gcc/arm-none-eabi/10.3.1/../../../../arm-none-eabi/lib/thumb/v6-m/nofp\libc_nano.a(lib_a-exit.o)
                              c:/st/stm32cubeide_1.8.0/stm32cubeide/plugins/com.st.stm32cube.ide.mcu.externaltools.gnu-tools-for-stm32.10.3-2021.10.win32_1.0.0.202111181127/tools/bin/../lib/gcc/arm-none-eabi/10.3.1/../../../../arm-none-eabi/lib/thumb/v6-m/nofp/crt0.o (exit)
c:/st/stm32cubeide_1.8.0/stm32cubeide/plugins/com.st.stm32cube.ide.mcu.externaltools.gnu-tools-for-stm32.10.3-2021.10.win32_1.0.0.202111181127/tools/bin/../lib/gcc/arm-none-eabi/10.3.1/../../../../arm-none-eabi/lib/thumb/v6-m/nofp\libc_nano.a(lib_a-impure.o)
                              c:/st/stm32cubeide_1.8.0/stm32cubeide/plugins/com.st.stm32cube.ide.mcu.externaltools.gnu-tools-for-stm32.10.3-2021.10.win32_1.0.0.202111181127/tools/bin/../lib/gcc/arm-none-eabi/10.3.1/../../../../arm-none-eabi/lib/thumb/v6-m/nofp\libc_nano.a(lib_a-exit.o) (_global_impure_ptr)
c:/st/stm32cubeide_1.8.0/stm32cubeide/plugins/com.st.stm32cube.ide.mcu.externaltools.gnu-tools-for-stm32.10.3-2021.10.win32_1.0.0.202111181127/tools/bin/../lib/gcc/arm-none-eabi/10.3.1/../../../../arm-none-eabi/lib/thumb/v6-m/nofp\libc_nano.a(lib_a-init.o)
                              c:/st/stm32cubeide_1.8.0/stm32cubeide/plugins/com.st.stm32cube.ide.mcu.externaltools.gnu-tools-for-stm32.10.3-2021.10.win32_1.0.0.202111181127/tools/bin/../lib/gcc/arm-none-eabi/10.3.1/../../../../arm-none-eabi/lib/thumb/v6-m/nofp/crt0.o (__libc_init_array)
c:/st/stm32cubeide_1.8.0/stm32cubeide/plugins/com.st.stm32cube.ide.mcu.externaltools.gnu-tools-for-stm32.10.3-2021.10.win32_1.0.0.202111181127/tools/bin/../lib/gcc/arm-none-eabi/10.3.1/../../../../arm-none-eabi/lib/thumb/v6-m/nofp\libc_nano.a(lib_a-memcpy-stub.o)
                              ./Core/Src/main.o (memcpy)
c:/st/stm32cubeide_1.8.0/stm32cubeide/plugins/com.st.stm32cube.ide.mcu.externaltools.gnu-tools-for-stm32.10.3-2021.10.win32_1.0.0.202111181127/tools/bin/../lib/gcc/arm-none-eabi/10.3.1/../../../../arm-none-eabi/lib/thumb/v6-m/nofp\libc_nano.a(lib_a-memset.o)
                              c:/st/stm32cubeide_1.8.0/stm32cubeide/plugins/com.st.stm32cube.ide.mcu.externaltools.gnu-tools-for-stm32.10.3-2021.10.win32_1.0.0.202111181127/tools/bin/../lib/gcc/arm-none-eabi/10.3.1/../../../../arm-none-eabi/lib/thumb/v6-m/nofp/crt0.o (memset)
c:/st/stm32cubeide_1.8.0/stm32cubeide/plugins/com.st.stm32cube.ide.mcu.externaltools.gnu-tools-for-stm32.10.3-2021.10.win32_1.0.0.202111181127/tools/bin/../lib/gcc/arm-none-eabi/10.3.1/thumb/v6-m/nofp\libgcc.a(_udivsi3.o)
                              ./Core/Src/system_stm32f0xx.o (__aeabi_uidiv)
c:/st/stm32cubeide_1.8.0/stm32cubeide/plugins/com.st.stm32cube.ide.mcu.externaltools.gnu-tools-for-stm32.10.3-2021.10.win32_1.0.0.202111181127/tools/bin/../lib/gcc/arm-none-eabi/10.3.1/thumb/v6-m/nofp\libgcc.a(_divsi3.o)
                              ./Core/Src/Sensors/src/vl6180_api.o (__aeabi_idiv)
c:/st/stm32cubeide_1.8.0/stm32cubeide/plugins/com.st.stm32cube.ide.mcu.externaltools.gnu-tools-for-stm32.10.3-2021.10.win32_1.0.0.202111181127/tools/bin/../lib/gcc/arm-none-eabi/10.3.1/thumb/v6-m/nofp\libgcc.a(_dvmd_tls.o)
                              c:/st/stm32cubeide_1.8.0/stm32cubeide/plugins/com.st.stm32cube.ide.mcu.externaltools.gnu-tools-for-stm32.10.3-2021.10.win32_1.0.0.202111181127/tools/bin/../lib/gcc/arm-none-eabi/10.3.1/thumb/v6-m/nofp\libgcc.a(_udivsi3.o) (__aeabi_idiv0)
c:/st/stm32cubeide_1.8.0/stm32cubeide/plugins/com.st.stm32cube.ide.mcu.externaltools.gnu-tools-for-stm32.10.3-2021.10.win32_1.0.0.202111181127/tools/bin/../lib/gcc/arm-none-eabi/10.3.1/thumb/v6-m/nofp\libgcc.a(_fixunssfsi.o)
                              ./Core/Src/main.o (__aeabi_f2uiz)
c:/st/stm32cubeide_1.8.0/stm32cubeide/plugins/com.st.stm32cube.ide.mcu.externaltools.gnu-tools-for-stm32.10.3-2021.10.win32_1.0.0.202111181127/tools/bin/../lib/gcc/arm-none-eabi/10.3.1/thumb/v6-m/nofp\libgcc.a(mulsf3.o)
                              ./Core/Src/Sensors/src/temp.o (__aeabi_fmul)
c:/st/stm32cubeide_1.8.0/stm32cubeide/plugins/com.st.stm32cube.ide.mcu.externaltools.gnu-tools-for-stm32.10.3-2021.10.win32_1.0.0.202111181127/tools/bin/../lib/gcc/arm-none-eabi/10.3.1/thumb/v6-m/nofp\libgcc.a(subsf3.o)
                              ./Core/Src/Sensors/src/temp.o (__aeabi_fsub)
[...]
Memory Configuration

Name             Origin             Length             Attributes
RAM              0x0000000020000000 0x0000000000002000 xrw
FLASH            0x0000000008000000 0x0000000000010000 xr
*default*        0x0000000000000000 0xffffffffffffffff

Linker script and memory map

LOAD c:/st/stm32cubeide_1.8.0/stm32cubeide/plugins/com.st.stm32cube.ide.mcu.externaltools.gnu-tools-for-stm32.10.3-2021.10.win32_1.0.0.202111181127/tools/bin/../lib/gcc/arm-none-eabi/10.3.1/thumb/v6-m/nofp/crti.o
LOAD c:/st/stm32cubeide_1.8.0/stm32cubeide/plugins/com.st.stm32cube.ide.mcu.externaltools.gnu-tools-for-stm32.10.3-2021.10.win32_1.0.0.202111181127/tools/bin/../lib/gcc/arm-none-eabi/10.3.1/thumb/v6-m/nofp/crtbegin.o
LOAD c:/st/stm32cubeide_1.8.0/stm32cubeide/plugins/com.st.stm32cube.ide.mcu.externaltools.gnu-tools-for-stm32.10.3-2021.10.win32_1.0.0.202111181127/tools/bin/../lib/gcc/arm-none-eabi/10.3.1/../../../../arm-none-eabi/lib/thumb/v6-m/nofp/crt0.o
LOAD ./Core/Src/EEPROM.o
LOAD ./Core/Src/main.o
LOAD ./Core/Src/stm32f0xx_hal_msp.o
LOAD ./Core/Src/stm32f0xx_it.o
LOAD ./Core/Src/syscalls.o
LOAD ./Core/Src/sysmem.o
LOAD ./Core/Src/system_stm32f0xx.o
LOAD ./Core/Src/Sensors/src/prox.o
LOAD ./Core/Src/Sensors/src/sensors.o
LOAD ./Core/Src/Sensors/src/temp.o
LOAD ./Core/Src/Sensors/src/vl6180_api.o
LOAD ./Core/Src/Sensors/src/vl6180_i2c.o
LOAD ./Core/Src/Sensors/src/vl6180_plaform.o
LOAD ./Core/Startup/startup_stm32f051r8tx.o
LOAD ./Drivers/STM32F0xx_HAL_Driver/Src/stm32f0xx_hal.o
LOAD ./Drivers/STM32F0xx_HAL_Driver/Src/stm32f0xx_hal_adc.o
LOAD ./Drivers/STM32F0xx_HAL_Driver/Src/stm32f0xx_hal_adc_ex.o
LOAD ./Drivers/STM32F0xx_HAL_Driver/Src/stm32f0xx_hal_cortex.o
LOAD ./Drivers/STM32F0xx_HAL_Driver/Src/stm32f0xx_hal_dma.o
LOAD ./Drivers/STM32F0xx_HAL_Driver/Src/stm32f0xx_hal_exti.o
LOAD ./Drivers/STM32F0xx_HAL_Driver/Src/stm32f0xx_hal_flash.o
LOAD ./Drivers/STM32F0xx_HAL_Driver/Src/stm32f0xx_hal_flash_ex.o
LOAD ./Drivers/STM32F0xx_HAL_Driver/Src/stm32f0xx_hal_gpio.o
LOAD ./Drivers/STM32F0xx_HAL_Driver/Src/stm32f0xx_hal_i2c.o
LOAD ./Drivers/STM32F0xx_HAL_Driver/Src/stm32f0xx_hal_i2c_ex.o
LOAD ./Drivers/STM32F0xx_HAL_Driver/Src/stm32f0xx_hal_pwr.o
LOAD ./Drivers/STM32F0xx_HAL_Driver/Src/stm32f0xx_hal_pwr_ex.o
LOAD ./Drivers/STM32F0xx_HAL_Driver/Src/stm32f0xx_hal_rcc.o
LOAD ./Drivers/STM32F0xx_HAL_Driver/Src/stm32f0xx_hal_rcc_ex.o
LOAD ./Drivers/STM32F0xx_HAL_Driver/Src/stm32f0xx_hal_rtc.o
LOAD ./Drivers/STM32F0xx_HAL_Driver/Src/stm32f0xx_hal_rtc_ex.o
LOAD ./Drivers/STM32F0xx_HAL_Driver/Src/stm32f0xx_hal_tim.o
LOAD ./Drivers/STM32F0xx_HAL_Driver/Src/stm32f0xx_hal_tim_ex.o
START GROUP
LOAD c:/st/stm32cubeide_1.8.0/stm32cubeide/plugins/com.st.stm32cube.ide.mcu.externaltools.gnu-tools-for-stm32.10.3-2021.10.win32_1.0.0.202111181127/tools/bin/../lib/gcc/arm-none-eabi/10.3.1/../../../../arm-none-eabi/lib/thumb/v6-m/nofp\libc_nano.a
LOAD c:/st/stm32cubeide_1.8.0/stm32cubeide/plugins/com.st.stm32cube.ide.mcu.externaltools.gnu-tools-for-stm32.10.3-2021.10.win32_1.0.0.202111181127/tools/bin/../lib/gcc/arm-none-eabi/10.3.1/../../../../arm-none-eabi/lib/thumb/v6-m/nofp\libm.a
END GROUP
START GROUP
LOAD c:/st/stm32cubeide_1.8.0/stm32cubeide/plugins/com.st.stm32cube.ide.mcu.externaltools.gnu-tools-for-stm32.10.3-2021.10.win32_1.0.0.202111181127/tools/bin/../lib/gcc/arm-none-eabi/10.3.1/thumb/v6-m/nofp\libgcc.a
LOAD c:/st/stm32cubeide_1.8.0/stm32cubeide/plugins/com.st.stm32cube.ide.mcu.externaltools.gnu-tools-for-stm32.10.3-2021.10.win32_1.0.0.202111181127/tools/bin/../lib/gcc/arm-none-eabi/10.3.1/../../../../arm-none-eabi/lib/thumb/v6-m/nofp\libc_nano.a
END GROUP
START GROUP
LOAD c:/st/stm32cubeide_1.8.0/stm32cubeide/plugins/com.st.stm32cube.ide.mcu.externaltools.gnu-tools-for-stm32.10.3-2021.10.win32_1.0.0.202111181127/tools/bin/../lib/gcc/arm-none-eabi/10.3.1/thumb/v6-m/nofp\libgcc.a
LOAD c:/st/stm32cubeide_1.8.0/stm32cubeide/plugins/com.st.stm32cube.ide.mcu.externaltools.gnu-tools-for-stm32.10.3-2021.10.win32_1.0.0.202111181127/tools/bin/../lib/gcc/arm-none-eabi/10.3.1/../../../../arm-none-eabi/lib/thumb/v6-m/nofp\libc_nano.a
LOAD c:/st/stm32cubeide_1.8.0/stm32cubeide/plugins/com.st.stm32cube.ide.mcu.externaltools.gnu-tools-for-stm32.10.3-2021.10.win32_1.0.0.202111181127/tools/bin/../lib/gcc/arm-none-eabi/10.3.1/../../../../arm-none-eabi/lib/thumb/v6-m/nofp\libnosys.a
END GROUP
START GROUP
LOAD c:/st/stm32cubeide_1.8.0/stm32cubeide/plugins/com.st.stm32cube.ide.mcu.externaltools.gnu-tools-for-stm32.10.3-2021.10.win32_1.0.0.202111181127/tools/bin/../lib/gcc/arm-none-eabi/10.3.1/thumb/v6-m/nofp\libgcc.a
LOAD c:/st/stm32cubeide_1.8.0/stm32cubeide/plugins/com.st.stm32cube.ide.mcu.externaltools.gnu-tools-for-stm32.10.3-2021.10.win32_1.0.0.202111181127/tools/bin/../lib/gcc/arm-none-eabi/10.3.1/../../../../arm-none-eabi/lib/thumb/v6-m/nofp\libc_nano.a
LOAD c:/st/stm32cubeide_1.8.0/stm32cubeide/plugins/com.st.stm32cube.ide.mcu.externaltools.gnu-tools-for-stm32.10.3-2021.10.win32_1.0.0.202111181127/tools/bin/../lib/gcc/arm-none-eabi/10.3.1/../../../../arm-none-eabi/lib/thumb/v6-m/nofp\libnosys.a
END GROUP
LOAD c:/st/stm32cubeide_1.8.0/stm32cubeide/plugins/com.st.stm32cube.ide.mcu.externaltools.gnu-tools-for-stm32.10.3-2021.10.win32_1.0.0.202111181127/tools/bin/../lib/gcc/arm-none-eabi/10.3.1/thumb/v6-m/nofp/crtend.o
LOAD c:/st/stm32cubeide_1.8.0/stm32cubeide/plugins/com.st.stm32cube.ide.mcu.externaltools.gnu-tools-for-stm32.10.3-2021.10.win32_1.0.0.202111181127/tools/bin/../lib/gcc/arm-none-eabi/10.3.1/thumb/v6-m/nofp/crtn.o
                0x0000000020002000                _estack = (ORIGIN (RAM) + LENGTH (RAM))
                0x0000000000000200                _Min_Heap_Size = 0x200
                0x0000000000000400                _Min_Stack_Size = 0x400

.isr_vector     0x0000000008000000       0xc0
                0x0000000008000000                . = ALIGN (0x4)
 *(.isr_vector)
 .isr_vector    0x0000000008000000       0xc0 ./Core/Startup/startup_stm32f051r8tx.o
                0x0000000008000000                g_pfnVectors
                0x00000000080000c0                . = ALIGN (0x4)

.text           0x00000000080000c0     0x7850
                0x00000000080000c0                . = ALIGN (0x4)
 *(.text)
 .text          0x00000000080000c0       0x48 c:/st/stm32cubeide_1.8.0/stm32cubeide/plugins/com.st.stm32cube.ide.mcu.externaltools.gnu-tools-for-stm32.10.3-2021.10.win32_1.0.0.202111181127/tools/bin/../lib/gcc/arm-none-eabi/10.3.1/thumb/v6-m/nofp/crtbegin.o
 .text          0x0000000008000108      0x114 c:/st/stm32cubeide_1.8.0/stm32cubeide/plugins/com.st.stm32cube.ide.mcu.externaltools.gnu-tools-for-stm32.10.3-2021.10.win32_1.0.0.202111181127/tools/bin/../lib/gcc/arm-none-eabi/10.3.1/thumb/v6-m/nofp\libgcc.a(_udivsi3.o)
                0x0000000008000108                __aeabi_uidiv
                0x0000000008000108                __udivsi3
                0x0000000008000214                __aeabi_uidivmod
 .text          0x000000000800021c      0x1d4 c:/st/stm32cubeide_1.8.0/stm32cubeide/plugins/com.st.stm32cube.ide.mcu.externaltools.gnu-tools-for-stm32.10.3-2021.10.win32_1.0.0.202111181127/tools/bin/../lib/gcc/arm-none-eabi/10.3.1/thumb/v6-m/nofp\libgcc.a(_divsi3.o)
                0x000000000800021c                __divsi3
                0x000000000800021c                __aeabi_idiv
                0x00000000080003e8                __aeabi_idivmod
 .text          0x00000000080003f0        0x4 c:/st/stm32cubeide_1.8.0/stm32cubeide/plugins/com.st.stm32cube.ide.mcu.externaltools.gnu-tools-for-stm32.10.3-2021.10.win32_1.0.0.202111181127/tools/bin/../lib/gcc/arm-none-eabi/10.3.1/thumb/v6-m/nofp\libgcc.a(_dvmd_tls.o)
                0x00000000080003f0                __aeabi_idiv0
                0x00000000080003f0                __aeabi_ldiv0
 .text          0x00000000080003f4       0x30 c:/st/stm32cubeide_1.8.0/stm32cubeide/plugins/com.st.stm32cube.ide.mcu.externaltools.gnu-tools-for-stm32.10.3-2021.10.win32_1.0.0.202111181127/tools/bin/../lib/gcc/arm-none-eabi/10.3.1/thumb/v6-m/nofp\libgcc.a(_fixunssfsi.o)
                0x00000000080003f4                __fixunssfsi
                0x00000000080003f4                __aeabi_f2uiz
 .text          0x0000000008000424      0x24c c:/st/stm32cubeide_1.8.0/stm32cubeide/plugins/com.st.stm32cube.ide.mcu.externaltools.gnu-tools-for-stm32.10.3-2021.10.win32_1.0.0.202111181127/tools/bin/../lib/gcc/arm-none-eabi/10.3.1/thumb/v6-m/nofp\libgcc.a(mulsf3.o)
                0x0000000008000424                __aeabi_fmul
 .text          0x0000000008000670      0x35c c:/st/stm32cubeide_1.8.0/stm32cubeide/plugins/com.st.stm32cube.ide.mcu.externaltools.gnu-tools-for-stm32.10.3-2021.10.win32_1.0.0.202111181127/tools/bin/../lib/gcc/arm-none-eabi/10.3.1/thumb/v6-m/nofp\libgcc.a(subsf3.o)
                0x0000000008000670                __aeabi_fsub
 .text          0x00000000080009cc       0x40 c:/st/stm32cubeide_1.8.0/stm32cubeide/plugins/com.st.stm32cube.ide.mcu.externaltools.gnu-tools-for-stm32.10.3-2021.10.win32_1.0.0.202111181127/tools/bin/../lib/gcc/arm-none-eabi/10.3.1/thumb/v6-m/nofp\libgcc.a(fixsfsi.o)
                0x00000000080009cc                __aeabi_f2iz
 .text          0x0000000008000a0c       0x84 c:/st/stm32cubeide_1.8.0/stm32cubeide/plugins/com.st.stm32cube.ide.mcu.externaltools.gnu-tools-for-stm32.10.3-2021.10.win32_1.0.0.202111181127/tools/bin/../lib/gcc/arm-none-eabi/10.3.1/thumb/v6-m/nofp\libgcc.a(floatunsisf.o)
                0x0000000008000a0c                __aeabi_ui2f
 .text          0x0000000008000a90      0x4d8 c:/st/stm32cubeide_1.8.0/stm32cubeide/plugins/com.st.stm32cube.ide.mcu.externaltools.gnu-tools-for-stm32.10.3-2021.10.win32_1.0.0.202111181127/tools/bin/../lib/gcc/arm-none-eabi/10.3.1/thumb/v6-m/nofp\libgcc.a(muldf3.o)
                0x0000000008000a90                __aeabi_dmul
 .text          0x0000000008000f68       0x90 c:/st/stm32cubeide_1.8.0/stm32cubeide/plugins/com.st.stm32cube.ide.mcu.externaltools.gnu-tools-for-stm32.10.3-2021.10.win32_1.0.0.202111181127/tools/bin/../lib/gcc/arm-none-eabi/10.3.1/thumb/v6-m/nofp\libgcc.a(extendsfdf2.o)
                0x0000000008000f68                __aeabi_f2d
 .text          0x0000000008000ff8      0x110 c:/st/stm32cubeide_1.8.0/stm32cubeide/plugins/com.st.stm32cube.ide.mcu.externaltools.gnu-tools-for-stm32.10.3-2021.10.win32_1.0.0.202111181127/tools/bin/../lib/gcc/arm-none-eabi/10.3.1/thumb/v6-m/nofp\libgcc.a(truncdfsf2.o)
                0x0000000008000ff8                __aeabi_d2f
 .text          0x0000000008001108       0x74 c:/st/stm32cubeide_1.8.0/stm32cubeide/plugins/com.st.stm32cube.ide.mcu.externaltools.gnu-tools-for-stm32.10.3-2021.10.win32_1.0.0.202111181127/tools/bin/../lib/gcc/arm-none-eabi/10.3.1/thumb/v6-m/nofp\libgcc.a(_arm_cmpsf2.o)
                0x0000000008001108                __aeabi_cfrcmple
                0x0000000008001110                __aeabi_cfcmpeq
                0x0000000008001110                __aeabi_cfcmple
                0x0000000008001120                __aeabi_fcmpeq
                0x000000000800112c                __aeabi_fcmplt
                0x0000000008001140                __aeabi_fcmple
                0x0000000008001154                __aeabi_fcmpgt
                0x0000000008001168                __aeabi_fcmpge
 .text          0x000000000800117c       0x3c c:/st/stm32cubeide_1.8.0/stm32cubeide/plugins/com.st.stm32cube.ide.mcu.externaltools.gnu-tools-for-stm32.10.3-2021.10.win32_1.0.0.202111181127/tools/bin/../lib/gcc/arm-none-eabi/10.3.1/thumb/v6-m/nofp\libgcc.a(_clzsi2.o)
                0x000000000800117c                __clzsi2
 .text          0x00000000080011b8       0x4c c:/st/stm32cubeide_1.8.0/stm32cubeide/plugins/com.st.stm32cube.ide.mcu.externaltools.gnu-tools-for-stm32.10.3-2021.10.win32_1.0.0.202111181127/tools/bin/../lib/gcc/arm-none-eabi/10.3.1/thumb/v6-m/nofp\libgcc.a(eqsf2.o)
                0x00000000080011b8                __eqsf2
                0x00000000080011b8                __nesf2
 .text          0x0000000008001204       0x8c c:/st/stm32cubeide_1.8.0/stm32cubeide/plugins/com.st.stm32cube.ide.mcu.externaltools.gnu-tools-for-stm32.10.3-2021.10.win32_1.0.0.202111181127/tools/bin/../lib/gcc/arm-none-eabi/10.3.1/thumb/v6-m/nofp\libgcc.a(gesf2.o)
                0x0000000008001204                __gesf2
                0x0000000008001204                __gtsf2
 .text          0x0000000008001290       0x88 c:/st/stm32cubeide_1.8.0/stm32cubeide/plugins/com.st.stm32cube.ide.mcu.externaltools.gnu-tools-for-stm32.10.3-2021.10.win32_1.0.0.202111181127/tools/bin/../lib/gcc/arm-none-eabi/10.3.1/thumb/v6-m/nofp\libgcc.a(lesf2.o)
                0x0000000008001290                __ltsf2
                0x0000000008001290                __lesf2
 *(.text*)
 .text.bytestowrite
                0x0000000008001318       0x38 ./Core/Src/EEPROM.o
                0x0000000008001318                bytestowrite
 .text.EEPROM_Write
                0x0000000008001350      0x130 ./Core/Src/EEPROM.o
                0x0000000008001350                EEPROM_Write
 .text.EEPROM_Read
                0x0000000008001480      0x128 ./Core/Src/EEPROM.o
                0x0000000008001480                EEPROM_Read
 .text.EEPROM_PageErase
                0x00000000080015a8       0x5c ./Core/Src/EEPROM.o
                0x00000000080015a8                EEPROM_PageErase
 .text.main     0x0000000008001604       0x40 ./Core/Src/main.o
                0x0000000008001604                main
 .text.SystemClock_Config
                0x0000000008001644       0xe0 ./Core/Src/main.o
                0x0000000008001644                SystemClock_Config
 .text.MX_ADC_Init
                0x0000000008001724       0xb8 ./Core/Src/main.o
 .text.MX_I2C1_Init
                0x00000000080017dc       0x80 ./Core/Src/main.o
 .text.MX_RTC_Init
                0x000000000800185c       0xc4 ./Core/Src/main.o
 .text.MX_GPIO_Init
                0x0000000008001920      0x15c ./Core/Src/main.o
 .text.Initialise
                0x0000000008001a7c       0x5c ./Core/Src/main.o
                0x0000000008001a7c                Initialise
 .text.get_sensor_data
                0x0000000008001ad8       0x40 ./Core/Src/main.o
                0x0000000008001ad8                get_sensor_data
 .text.read_all_data
                0x0000000008001b18       0x1e ./Core/Src/main.o
                0x0000000008001b18                read_all_data
 *fill*         0x0000000008001b36        0x2 
 .text.get_time_to_store
                0x0000000008001b38       0x6c ./Core/Src/main.o
                0x0000000008001b38                get_time_to_store
 .text.store_one_set
                0x0000000008001ba4       0xdc ./Core/Src/main.o
                0x0000000008001ba4                store_one_set
 .text.Error_Handler
                0x0000000008001c80        0xa ./Core/Src/main.o
                0x0000000008001c80                Error_Handler
 *fill*         0x0000000008001c8a        0x2 
 .text.HAL_MspInit
                0x0000000008001c8c       0x48 ./Core/Src/stm32f0xx_hal_msp.o
                0x0000000008001c8c                HAL_MspInit
 .text.HAL_ADC_MspInit
                0x0000000008001cd4       0x8c ./Core/Src/stm32f0xx_hal_msp.o
                0x0000000008001cd4                HAL_ADC_MspInit
 .text.HAL_I2C_MspInit
                0x0000000008001d60       0x9c ./Core/Src/stm32f0xx_hal_msp.o
                0x0000000008001d60                HAL_I2C_MspInit
 .text.HAL_RTC_MspInit
                0x0000000008001dfc       0x30 ./Core/Src/stm32f0xx_hal_msp.o
                0x0000000008001dfc                HAL_RTC_MspInit
 .text.NMI_Handler
                0x0000000008001e2c        0x6 ./Core/Src/stm32f0xx_it.o
                0x0000000008001e2c                NMI_Handler
 .text.HardFault_Handler
                0x0000000008001e32        0x6 ./Core/Src/stm32f0xx_it.o
                0x0000000008001e32                HardFault_Handler
 .text.SVC_Handler
                0x0000000008001e38        0xa ./Core/Src/stm32f0xx_it.o
                0x0000000008001e38                SVC_Handler
 .text.PendSV_Handler
                0x0000000008001e42        0xa ./Core/Src/stm32f0xx_it.o
                0x0000000008001e42                PendSV_Handler
 .text.SysTick_Handler
                0x0000000008001e4c        0xe ./Core/Src/stm32f0xx_it.o
                0x0000000008001e4c                SysTick_Handler
 .text.EXTI4_15_IRQHandler
                0x0000000008001e5a       0x10 ./Core/Src/stm32f0xx_it.o
                0x0000000008001e5a                EXTI4_15_IRQHandler
 *fill*         0x0000000008001e6a        0x2 
 .text.HAL_GPIO_EXTI_Callback
                0x0000000008001e6c       0x30 ./Core/Src/stm32f0xx_it.o
                0x0000000008001e6c                HAL_GPIO_EXTI_Callback
 .text.SystemInit
                0x0000000008001e9c        0xa ./Core/Src/system_stm32f0xx.o
                0x0000000008001e9c                SystemInit
 *fill*         0x0000000008001ea6        0x2 
 .text.ProximitySensor_Start
                0x0000000008001ea8       0x80 ./Core/Src/Sensors/src/prox.o
                0x0000000008001ea8                ProximitySensor_Start
 .text.ProximitySensor_GetSingleShotMeasurement
                0x0000000008001f28       0x30 ./Core/Src/Sensors/src/prox.o
                0x0000000008001f28                ProximitySensor_GetSingleShotMeasurement
 .text.ProximitySensor_IsReady
                0x0000000008001f58       0x2c ./Core/Src/Sensors/src/prox.o
                0x0000000008001f58                ProximitySensor_IsReady
 .text.Sensors_Start
                0x0000000008001f84       0x50 ./Core/Src/Sensors/src/sensors.o
                0x0000000008001f84                Sensors_Start
 .text.Sensors_GetMeasurement
                0x0000000008001fd4       0x78 ./Core/Src/Sensors/src/sensors.o
                0x0000000008001fd4                Sensors_GetMeasurement
 .text.TempSensor_Start
                0x000000000800204c       0x40 ./Core/Src/Sensors/src/temp.o
                0x000000000800204c                TempSensor_Start
 .text.TempSensor_GetMeasurement
                0x000000000800208c       0x90 ./Core/Src/Sensors/src/temp.o
                0x000000000800208c                TempSensor_GetMeasurement
 .text.TempSensor_HasStarted
                0x000000000800211c       0x18 ./Core/Src/Sensors/src/temp.o
                0x000000000800211c                TempSensor_HasStarted
 .text.EnsureHandleValid
                0x0000000008002134        0xa ./Core/Src/Sensors/src/temp.o
                0x0000000008002134                EnsureHandleValid
 .text.VL6180_WaitDeviceBooted
                0x000000000800213e       0x38 ./Core/Src/Sensors/src/vl6180_api.o
                0x000000000800213e                VL6180_WaitDeviceBooted
 *fill*         0x0000000008002176        0x2 
 .text.VL6180_InitData
                0x0000000008002178      0x12c ./Core/Src/Sensors/src/vl6180_api.o
                0x0000000008002178                VL6180_InitData
 .text.VL6180_StaticInit
                0x00000000080022a4       0x46 ./Core/Src/Sensors/src/vl6180_api.o
                0x00000000080022a4                VL6180_StaticInit
 .text.VL6180_Prepare
                0x00000000080022ea       0x7e ./Core/Src/Sensors/src/vl6180_api.o
                0x00000000080022ea                VL6180_Prepare
 .text.VL6180_RangePollMeasurement
                0x0000000008002368       0xb2 ./Core/Src/Sensors/src/vl6180_api.o
                0x0000000008002368                VL6180_RangePollMeasurement
 *fill*         0x000000000800241a        0x2 
 .text.VL6180_GetCachedDWord
                0x000000000800241c       0x94 ./Core/Src/Sensors/src/vl6180_api.o
                0x000000000800241c                VL6180_GetCachedDWord
 .text.VL6180_GetCachedWord
                0x00000000080024b0       0x80 ./Core/Src/Sensors/src/vl6180_api.o
                0x00000000080024b0                VL6180_GetCachedWord
 .text.VL6180_GetCachedByte
                0x0000000008002530       0x32 ./Core/Src/Sensors/src/vl6180_api.o
                0x0000000008002530                VL6180_GetCachedByte
 *fill*         0x0000000008002562        0x2 
 .text._CachedRegs_Fetch
                0x0000000008002564       0x4c ./Core/Src/Sensors/src/vl6180_api.o
                0x0000000008002564                _CachedRegs_Fetch
 .text._CachedRegs_Flush
                0x00000000080025b0       0x20 ./Core/Src/Sensors/src/vl6180_api.o
                0x00000000080025b0                _CachedRegs_Flush
 .text.VL6180_RangeGetMeasurement
                0x00000000080025d0      0x114 ./Core/Src/Sensors/src/vl6180_api.o
                0x00000000080025d0                VL6180_RangeGetMeasurement
 .text.VL6180_RangeGetResult
                0x00000000080026e4       0x4c ./Core/Src/Sensors/src/vl6180_api.o
                0x00000000080026e4                VL6180_RangeGetResult
 .text.VL6180_RangeSetRawThresholds
                0x0000000008002730       0x56 ./Core/Src/Sensors/src/vl6180_api.o
                0x0000000008002730                VL6180_RangeSetRawThresholds
 .text.VL6180_RangeGetInterruptStatus
                0x0000000008002786       0x3a ./Core/Src/Sensors/src/vl6180_api.o
                0x0000000008002786                VL6180_RangeGetInterruptStatus
 .text.VL6180_ClearInterrupt
                0x00000000080027c0       0x40 ./Core/Src/Sensors/src/vl6180_api.o
                0x00000000080027c0                VL6180_ClearInterrupt
 .text._UpscaleInitPatch0
                0x0000000008002800       0x38 ./Core/Src/Sensors/src/vl6180_api.o
 .text.VL6180_UpscaleRegInit
                0x0000000008002838      0x250 ./Core/Src/Sensors/src/vl6180_api.o
                0x0000000008002838                VL6180_UpscaleRegInit
 .text.VL6180_UpscaleSetScaling
                0x0000000008002a88      0x158 ./Core/Src/Sensors/src/vl6180_api.o
                0x0000000008002a88                VL6180_UpscaleSetScaling
 .text.VL6180_UpscaleStaticInit
                0x0000000008002be0       0x50 ./Core/Src/Sensors/src/vl6180_api.o
 .text.VL6180_RangeConfigInterrupt
                0x0000000008002c30       0x42 ./Core/Src/Sensors/src/vl6180_api.o
                0x0000000008002c30                VL6180_RangeConfigInterrupt
 .text.VL6180_RangeSetEceState
                0x0000000008002c72       0x48 ./Core/Src/Sensors/src/vl6180_api.o
                0x0000000008002c72                VL6180_RangeSetEceState
 .text.VL6180_RangeSetMaxConvergenceTime
                0x0000000008002cba       0x64 ./Core/Src/Sensors/src/vl6180_api.o
                0x0000000008002cba                VL6180_RangeSetMaxConvergenceTime
 .text.VL6180_RangeSetSystemMode
                0x0000000008002d1e       0x40 ./Core/Src/Sensors/src/vl6180_api.o
                0x0000000008002d1e                VL6180_RangeSetSystemMode
 *fill*         0x0000000008002d5e        0x2 
 .text.VL6180_RangeSetEarlyConvergenceEestimateThreshold
                0x0000000008002d60       0xd4 ./Core/Src/Sensors/src/vl6180_api.o
 .text._GetAveTotalTime
                0x0000000008002e34       0xaa ./Core/Src/Sensors/src/vl6180_api.o
 *fill*         0x0000000008002ede        0x2 
 .text._filter_Init
                0x0000000008002ee0       0x88 ./Core/Src/Sensors/src/vl6180_api.o
 .text._filter_StdDevDamper
                0x0000000008002f68       0x94 ./Core/Src/Sensors/src/vl6180_api.o
 .text._filter_Start
                0x0000000008002ffc      0xb18 ./Core/Src/Sensors/src/vl6180_api.o
 .text._filter_GetResult
                0x0000000008003b14       0xb8 ./Core/Src/Sensors/src/vl6180_api.o
 .text._GetRateResult
                0x0000000008003bcc      0x134 ./Core/Src/Sensors/src/vl6180_api.o
 .text.VL6180_SqrtUint32
                0x0000000008003d00       0x64 ./Core/Src/Sensors/src/vl6180_api.o
                0x0000000008003d00                VL6180_SqrtUint32
 .text._DMax_OneTimeInit
                0x0000000008003d64       0x20 ./Core/Src/Sensors/src/vl6180_api.o
                0x0000000008003d64                _DMax_OneTimeInit
 .text._DMax_RawValueAtRateKCps
                0x0000000008003d84       0xac ./Core/Src/Sensors/src/vl6180_api.o
 .text._DMax_InitData
                0x0000000008003e30      0x1d0 ./Core/Src/Sensors/src/vl6180_api.o
 .text._DMax_Compute
                0x0000000008004000       0x94 ./Core/Src/Sensors/src/vl6180_api.o
 .text.VL6180_WrByte
                0x0000000008004094       0x64 ./Core/Src/Sensors/src/vl6180_i2c.o
                0x0000000008004094                VL6180_WrByte
 .text.VL6180_WrWord
                0x00000000080040f8       0x76 ./Core/Src/Sensors/src/vl6180_i2c.o
                0x00000000080040f8                VL6180_WrWord
 .text.VL6180_WrDWord
                0x000000000800416e       0x7e ./Core/Src/Sensors/src/vl6180_i2c.o
                0x000000000800416e                VL6180_WrDWord
 .text.VL6180_UpdateByte
                0x00000000080041ec       0xb0 ./Core/Src/Sensors/src/vl6180_i2c.o
                0x00000000080041ec                VL6180_UpdateByte
 .text.VL6180_RdByte
                0x000000000800429c       0x76 ./Core/Src/Sensors/src/vl6180_i2c.o
                0x000000000800429c                VL6180_RdByte
 .text.VL6180_RdWord
                0x0000000008004312       0x88 ./Core/Src/Sensors/src/vl6180_i2c.o
                0x0000000008004312                VL6180_RdWord
 .text.VL6180_RdDWord
                0x000000000800439a       0x94 ./Core/Src/Sensors/src/vl6180_i2c.o
                0x000000000800439a                VL6180_RdDWord
 .text.VL6180_RdMulti
                0x000000000800442e       0x72 ./Core/Src/Sensors/src/vl6180_i2c.o
                0x000000000800442e                VL6180_RdMulti
 .text.RegisterI2CHandler
                0x00000000080044a0       0x1c ./Core/Src/Sensors/src/vl6180_i2c.o
                0x00000000080044a0                RegisterI2CHandler
 .text.GetI2CHandler
                0x00000000080044bc       0x14 ./Core/Src/Sensors/src/vl6180_i2c.o
                0x00000000080044bc                GetI2CHandler
 .text.VL6180_I2CRead
                0x00000000080044d0       0x48 ./Core/Src/Sensors/src/vl6180_i2c.o
                0x00000000080044d0                VL6180_I2CRead
 .text.VL6180_I2CWrite
                0x0000000008004518       0x48 ./Core/Src/Sensors/src/vl6180_i2c.o
                0x0000000008004518                VL6180_I2CWrite
 .text.VL6180_PollDelay
                0x0000000008004560       0x1a ./Core/Src/Sensors/src/vl6180_plaform.o
                0x0000000008004560                VL6180_PollDelay
 *fill*         0x000000000800457a        0x2 
 .text.Reset_Handler
                0x000000000800457c       0x50 ./Core/Startup/startup_stm32f051r8tx.o
                0x000000000800457c                Reset_Handler
 .text.Default_Handler
                0x00000000080045cc        0x2 ./Core/Startup/startup_stm32f051r8tx.o
                0x00000000080045cc                TIM1_CC_IRQHandler
                0x00000000080045cc                TSC_IRQHandler
                0x00000000080045cc                ADC1_COMP_IRQHandler
                0x00000000080045cc                PVD_IRQHandler
                0x00000000080045cc                I2C1_IRQHandler
                0x00000000080045cc                RCC_CRS_IRQHandler
                0x00000000080045cc                SPI1_IRQHandler
                0x00000000080045cc                TIM6_DAC_IRQHandler
                0x00000000080045cc                EXTI2_3_IRQHandler
                0x00000000080045cc                I2C2_IRQHandler
                0x00000000080045cc                TIM17_IRQHandler
                0x00000000080045cc                CEC_CAN_IRQHandler
                0x00000000080045cc                RTC_IRQHandler
                0x00000000080045cc                TIM16_IRQHandler
                0x00000000080045cc                TIM3_IRQHandler
                0x00000000080045cc                DMA1_Channel1_IRQHandler
                0x00000000080045cc                Default_Handler
                0x00000000080045cc                TIM14_IRQHandler
                0x00000000080045cc                DMA1_Channel4_5_IRQHandler
                0x00000000080045cc                TIM15_IRQHandler
                0x00000000080045cc                EXTI0_1_IRQHandler
                0x00000000080045cc                SPI2_IRQHandler
                0x00000000080045cc                WWDG_IRQHandler
                0x00000000080045cc                TIM2_IRQHandler
                0x00000000080045cc                DMA1_Channel2_3_IRQHandler
                0x00000000080045cc                USART2_IRQHandler
                0x00000000080045cc                FLASH_IRQHandler
                0x00000000080045cc                USART1_IRQHandler
                0x00000000080045cc                TIM1_BRK_UP_TRG_COM_IRQHandler
 *fill*         0x00000000080045ce        0x2 
 .text.HAL_Init
                0x00000000080045d0       0x28 ./Drivers/STM32F0xx_HAL_Driver/Src/stm32f0xx_hal.o
                0x00000000080045d0                HAL_Init
 .text.HAL_InitTick
                0x00000000080045f8       0x68 ./Drivers/STM32F0xx_HAL_Driver/Src/stm32f0xx_hal.o
                0x00000000080045f8                HAL_InitTick
 .text.HAL_IncTick
                0x0000000008004660       0x24 ./Drivers/STM32F0xx_HAL_Driver/Src/stm32f0xx_hal.o
                0x0000000008004660                HAL_IncTick
 .text.HAL_GetTick
                0x0000000008004684       0x14 ./Drivers/STM32F0xx_HAL_Driver/Src/stm32f0xx_hal.o
                0x0000000008004684                HAL_GetTick
 .text.HAL_Delay
                0x0000000008004698       0x48 ./Drivers/STM32F0xx_HAL_Driver/Src/stm32f0xx_hal.o
                0x0000000008004698                HAL_Delay
 .text.HAL_ADC_Init
                0x00000000080046e0      0x280 ./Drivers/STM32F0xx_HAL_Driver/Src/stm32f0xx_hal_adc.o
                0x00000000080046e0                HAL_ADC_Init
 .text.HAL_ADC_Start
                0x0000000008004960       0xa8 ./Drivers/STM32F0xx_HAL_Driver/Src/stm32f0xx_hal_adc.o
                0x0000000008004960                HAL_ADC_Start
 .text.HAL_ADC_PollForConversion
                0x0000000008004a08      0x130 ./Drivers/STM32F0xx_HAL_Driver/Src/stm32f0xx_hal_adc.o
                0x0000000008004a08                HAL_ADC_PollForConversion
 .text.HAL_ADC_GetValue
                0x0000000008004b38       0x16 ./Drivers/STM32F0xx_HAL_Driver/Src/stm32f0xx_hal_adc.o
                0x0000000008004b38                HAL_ADC_GetValue
 *fill*         0x0000000008004b4e        0x2 
 .text.HAL_ADC_ConfigChannel
                0x0000000008004b50      0x21c ./Drivers/STM32F0xx_HAL_Driver/Src/stm32f0xx_hal_adc.o
                0x0000000008004b50                HAL_ADC_ConfigChannel
 .text.ADC_Enable
                0x0000000008004d6c      0x108 ./Drivers/STM32F0xx_HAL_Driver/Src/stm32f0xx_hal_adc.o
 .text.HAL_ADCEx_Calibration_Start
                0x0000000008004e74      0x150 ./Drivers/STM32F0xx_HAL_Driver/Src/stm32f0xx_hal_adc_ex.o
                0x0000000008004e74                HAL_ADCEx_Calibration_Start
 .text.__NVIC_EnableIRQ
                0x0000000008004fc4       0x34 ./Drivers/STM32F0xx_HAL_Driver/Src/stm32f0xx_hal_cortex.o
 .text.__NVIC_SetPriority
                0x0000000008004ff8       0xdc ./Drivers/STM32F0xx_HAL_Driver/Src/stm32f0xx_hal_cortex.o
 .text.SysTick_Config
                0x00000000080050d4       0x48 ./Drivers/STM32F0xx_HAL_Driver/Src/stm32f0xx_hal_cortex.o
 .text.HAL_NVIC_SetPriority
                0x000000000800511c       0x2a ./Drivers/STM32F0xx_HAL_Driver/Src/stm32f0xx_hal_cortex.o
                0x000000000800511c                HAL_NVIC_SetPriority
 .text.HAL_NVIC_EnableIRQ
                0x0000000008005146       0x20 ./Drivers/STM32F0xx_HAL_Driver/Src/stm32f0xx_hal_cortex.o
                0x0000000008005146                HAL_NVIC_EnableIRQ
 .text.HAL_SYSTICK_Config
                0x0000000008005166       0x1a ./Drivers/STM32F0xx_HAL_Driver/Src/stm32f0xx_hal_cortex.o
                0x0000000008005166                HAL_SYSTICK_Config
 .text.HAL_GPIO_Init
                0x0000000008005180      0x2e0 ./Drivers/STM32F0xx_HAL_Driver/Src/stm32f0xx_hal_gpio.o
                0x0000000008005180                HAL_GPIO_Init
 .text.HAL_GPIO_WritePin
                0x0000000008005460       0x3a ./Drivers/STM32F0xx_HAL_Driver/Src/stm32f0xx_hal_gpio.o
                0x0000000008005460                HAL_GPIO_WritePin
 *fill*         0x000000000800549a        0x2 
 .text.HAL_GPIO_EXTI_IRQHandler
                0x000000000800549c       0x38 ./Drivers/STM32F0xx_HAL_Driver/Src/stm32f0xx_hal_gpio.o
                0x000000000800549c                HAL_GPIO_EXTI_IRQHandler
 .text.HAL_I2C_Init
                0x00000000080054d4      0x12c ./Drivers/STM32F0xx_HAL_Driver/Src/stm32f0xx_hal_i2c.o
                0x00000000080054d4                HAL_I2C_Init
 .text.HAL_I2C_Master_Transmit
                0x0000000008005600      0x210 ./Drivers/STM32F0xx_HAL_Driver/Src/stm32f0xx_hal_i2c.o
                0x0000000008005600                HAL_I2C_Master_Transmit
 .text.HAL_I2C_Master_Receive
                0x0000000008005810      0x210 ./Drivers/STM32F0xx_HAL_Driver/Src/stm32f0xx_hal_i2c.o
                0x0000000008005810                HAL_I2C_Master_Receive
 .text.HAL_I2C_Mem_Write
                0x0000000008005a20      0x25c ./Drivers/STM32F0xx_HAL_Driver/Src/stm32f0xx_hal_i2c.o
                0x0000000008005a20                HAL_I2C_Mem_Write
 .text.HAL_I2C_Mem_Read
                0x0000000008005c7c      0x268 ./Drivers/STM32F0xx_HAL_Driver/Src/stm32f0xx_hal_i2c.o
                0x0000000008005c7c                HAL_I2C_Mem_Read
 .text.HAL_I2C_IsDeviceReady
                0x0000000008005ee4      0x234 ./Drivers/STM32F0xx_HAL_Driver/Src/stm32f0xx_hal_i2c.o
                0x0000000008005ee4                HAL_I2C_IsDeviceReady
 .text.I2C_RequestMemoryWrite
                0x0000000008006118       0xc8 ./Drivers/STM32F0xx_HAL_Driver/Src/stm32f0xx_hal_i2c.o
 .text.I2C_RequestMemoryRead
                0x00000000080061e0       0xc4 ./Drivers/STM32F0xx_HAL_Driver/Src/stm32f0xx_hal_i2c.o
 .text.I2C_Flush_TXDR
                0x00000000080062a4       0x44 ./Drivers/STM32F0xx_HAL_Driver/Src/stm32f0xx_hal_i2c.o
 .text.I2C_WaitOnFlagUntilTimeout
                0x00000000080062e8       0x7e ./Drivers/STM32F0xx_HAL_Driver/Src/stm32f0xx_hal_i2c.o
 .text.I2C_WaitOnTXISFlagUntilTimeout
                0x0000000008006366       0x7e ./Drivers/STM32F0xx_HAL_Driver/Src/stm32f0xx_hal_i2c.o
 .text.I2C_WaitOnSTOPFlagUntilTimeout
                0x00000000080063e4       0x78 ./Drivers/STM32F0xx_HAL_Driver/Src/stm32f0xx_hal_i2c.o
 .text.I2C_WaitOnRXNEFlagUntilTimeout
                0x000000000800645c       0xd8 ./Drivers/STM32F0xx_HAL_Driver/Src/stm32f0xx_hal_i2c.o
 .text.I2C_IsAcknowledgeFailed
                0x0000000008006534       0xf4 ./Drivers/STM32F0xx_HAL_Driver/Src/stm32f0xx_hal_i2c.o
 .text.I2C_TransferConfig
                0x0000000008006628       0x6c ./Drivers/STM32F0xx_HAL_Driver/Src/stm32f0xx_hal_i2c.o
 .text.HAL_I2CEx_ConfigAnalogFilter
                0x0000000008006694       0x98 ./Drivers/STM32F0xx_HAL_Driver/Src/stm32f0xx_hal_i2c_ex.o
                0x0000000008006694                HAL_I2CEx_ConfigAnalogFilter
 .text.HAL_I2CEx_ConfigDigitalFilter
                0x000000000800672c       0x98 ./Drivers/STM32F0xx_HAL_Driver/Src/stm32f0xx_hal_i2c_ex.o
                0x000000000800672c                HAL_I2CEx_ConfigDigitalFilter
 .text.HAL_RCC_OscConfig
                0x00000000080067c4      0x634 ./Drivers/STM32F0xx_HAL_Driver/Src/stm32f0xx_hal_rcc.o
                0x00000000080067c4                HAL_RCC_OscConfig
 .text.HAL_RCC_ClockConfig
                0x0000000008006df8      0x19c ./Drivers/STM32F0xx_HAL_Driver/Src/stm32f0xx_hal_rcc.o
                0x0000000008006df8                HAL_RCC_ClockConfig
 .text.HAL_RCC_GetSysClockFreq
                0x0000000008006f94       0xc8 ./Drivers/STM32F0xx_HAL_Driver/Src/stm32f0xx_hal_rcc.o
                0x0000000008006f94                HAL_RCC_GetSysClockFreq
 .text.HAL_RCCEx_PeriphCLKConfig
                0x000000000800705c      0x1bc ./Drivers/STM32F0xx_HAL_Driver/Src/stm32f0xx_hal_rcc_ex.o
                0x000000000800705c                HAL_RCCEx_PeriphCLKConfig
 .text.HAL_RTC_Init
                0x0000000008007218      0x128 ./Drivers/STM32F0xx_HAL_Driver/Src/stm32f0xx_hal_rtc.o
                0x0000000008007218                HAL_RTC_Init
 .text.HAL_RTC_SetTime
                0x0000000008007340      0x178 ./Drivers/STM32F0xx_HAL_Driver/Src/stm32f0xx_hal_rtc.o
                0x0000000008007340                HAL_RTC_SetTime
 .text.HAL_RTC_GetTime
                0x00000000080074b8       0xbc ./Drivers/STM32F0xx_HAL_Driver/Src/stm32f0xx_hal_rtc.o
                0x00000000080074b8                HAL_RTC_GetTime
 .text.HAL_RTC_SetDate
                0x0000000008007574      0x14c ./Drivers/STM32F0xx_HAL_Driver/Src/stm32f0xx_hal_rtc.o
                0x0000000008007574                HAL_RTC_SetDate
 .text.HAL_RTC_GetDate
                0x00000000080076c0       0xa0 ./Drivers/STM32F0xx_HAL_Driver/Src/stm32f0xx_hal_rtc.o
                0x00000000080076c0                HAL_RTC_GetDate
 .text.HAL_RTC_WaitForSynchro
                0x0000000008007760       0x52 ./Drivers/STM32F0xx_HAL_Driver/Src/stm32f0xx_hal_rtc.o
                0x0000000008007760                HAL_RTC_WaitForSynchro
 .text.RTC_EnterInitMode
                0x00000000080077b2       0x58 ./Drivers/STM32F0xx_HAL_Driver/Src/stm32f0xx_hal_rtc.o
                0x00000000080077b2                RTC_EnterInitMode
 .text.RTC_ByteToBcd2
                0x000000000800780a       0x42 ./Drivers/STM32F0xx_HAL_Driver/Src/stm32f0xx_hal_rtc.o
                0x000000000800780a                RTC_ByteToBcd2
 .text.RTC_Bcd2ToByte
                0x000000000800784c       0x3e ./Drivers/STM32F0xx_HAL_Driver/Src/stm32f0xx_hal_rtc.o
                0x000000000800784c                RTC_Bcd2ToByte
 *fill*         0x000000000800788a        0x2 
 .text.__libc_init_array
                0x000000000800788c       0x48 c:/st/stm32cubeide_1.8.0/stm32cubeide/plugins/com.st.stm32cube.ide.mcu.externaltools.gnu-tools-for-stm32.10.3-2021.10.win32_1.0.0.202111181127/tools/bin/../lib/gcc/arm-none-eabi/10.3.1/../../../../arm-none-eabi/lib/thumb/v6-m/nofp\libc_nano.a(lib_a-init.o)
                0x000000000800788c                __libc_init_array
 .text.memcpy   0x00000000080078d4       0x12 c:/st/stm32cubeide_1.8.0/stm32cubeide/plugins/com.st.stm32cube.ide.mcu.externaltools.gnu-tools-for-stm32.10.3-2021.10.win32_1.0.0.202111181127/tools/bin/../lib/gcc/arm-none-eabi/10.3.1/../../../../arm-none-eabi/lib/thumb/v6-m/nofp\libc_nano.a(lib_a-memcpy-stub.o)
                0x00000000080078d4                memcpy
 .text.memset   0x00000000080078e6       0x10 c:/st/stm32cubeide_1.8.0/stm32cubeide/plugins/com.st.stm32cube.ide.mcu.externaltools.gnu-tools-for-stm32.10.3-2021.10.win32_1.0.0.202111181127/tools/bin/../lib/gcc/arm-none-eabi/10.3.1/../../../../arm-none-eabi/lib/thumb/v6-m/nofp\libc_nano.a(lib_a-memset.o)
                0x00000000080078e6                memset
 *(.glue_7)
 .glue_7        0x00000000080078f6        0x0 linker stubs
 *(.glue_7t)
 .glue_7t       0x00000000080078f6        0x0 linker stubs
 *(.eh_frame)
 *fill*         0x00000000080078f6        0x2 
 .eh_frame      0x00000000080078f8        0x0 c:/st/stm32cubeide_1.8.0/stm32cubeide/plugins/com.st.stm32cube.ide.mcu.externaltools.gnu-tools-for-stm32.10.3-2021.10.win32_1.0.0.202111181127/tools/bin/../lib/gcc/arm-none-eabi/10.3.1/thumb/v6-m/nofp/crtbegin.o
 *(.init)
 .init          0x00000000080078f8        0x4 c:/st/stm32cubeide_1.8.0/stm32cubeide/plugins/com.st.stm32cube.ide.mcu.externaltools.gnu-tools-for-stm32.10.3-2021.10.win32_1.0.0.202111181127/tools/bin/../lib/gcc/arm-none-eabi/10.3.1/thumb/v6-m/nofp/crti.o
                0x00000000080078f8                _init
 .init          0x00000000080078fc        0x8 c:/st/stm32cubeide_1.8.0/stm32cubeide/plugins/com.st.stm32cube.ide.mcu.externaltools.gnu-tools-for-stm32.10.3-2021.10.win32_1.0.0.202111181127/tools/bin/../lib/gcc/arm-none-eabi/10.3.1/thumb/v6-m/nofp/crtn.o
 *(.fini)
 .fini          0x0000000008007904        0x4 c:/st/stm32cubeide_1.8.0/stm32cubeide/plugins/com.st.stm32cube.ide.mcu.externaltools.gnu-tools-for-stm32.10.3-2021.10.win32_1.0.0.202111181127/tools/bin/../lib/gcc/arm-none-eabi/10.3.1/thumb/v6-m/nofp/crti.o
                0x0000000008007904                _fini
 .fini          0x0000000008007908        0x8 c:/st/stm32cubeide_1.8.0/stm32cubeide/plugins/com.st.stm32cube.ide.mcu.externaltools.gnu-tools-for-stm32.10.3-2021.10.win32_1.0.0.202111181127/tools/bin/../lib/gcc/arm-none-eabi/10.3.1/thumb/v6-m/nofp/crtn.o
                0x0000000008007910                . = ALIGN (0x4)
                0x0000000008007910                _etext = .

.vfp11_veneer   0x0000000008007910        0x0
 .vfp11_veneer  0x0000000008007910        0x0 linker stubs

.v4_bx          0x0000000008007910        0x0
 .v4_bx         0x0000000008007910        0x0 linker stubs

.iplt           0x0000000008007910        0x0
 .iplt          0x0000000008007910        0x0 c:/st/stm32cubeide_1.8.0/stm32cubeide/plugins/com.st.stm32cube.ide.mcu.externaltools.gnu-tools-for-stm32.10.3-2021.10.win32_1.0.0.202111181127/tools/bin/../lib/gcc/arm-none-eabi/10.3.1/thumb/v6-m/nofp/crtbegin.o

.rodata         0x0000000008007910      0x124
                0x0000000008007910                . = ALIGN (0x4)
 *(.rodata)
 .rodata        0x0000000008007910       0x20 ./Drivers/STM32F0xx_HAL_Driver/Src/stm32f0xx_hal_rcc.o
 .rodata        0x0000000008007930       0x40 c:/st/stm32cubeide_1.8.0/stm32cubeide/plugins/com.st.stm32cube.ide.mcu.externaltools.gnu-tools-for-stm32.10.3-2021.10.win32_1.0.0.202111181127/tools/bin/../lib/gcc/arm-none-eabi/10.3.1/thumb/v6-m/nofp\libgcc.a(mulsf3.o)
 .rodata        0x0000000008007970       0x40 c:/st/stm32cubeide_1.8.0/stm32cubeide/plugins/com.st.stm32cube.ide.mcu.externaltools.gnu-tools-for-stm32.10.3-2021.10.win32_1.0.0.202111181127/tools/bin/../lib/gcc/arm-none-eabi/10.3.1/thumb/v6-m/nofp\libgcc.a(muldf3.o)
 *(.rodata*)
 .rodata.AHBPrescTable
                0x00000000080079b0       0x10 ./Core/Src/system_stm32f0xx.o
                0x00000000080079b0                AHBPrescTable
 .rodata.ScalerLookUP
                0x00000000080079c0        0x6 ./Core/Src/Sensors/src/vl6180_api.o
 *fill*         0x00000000080079c6        0x2 
 .rodata.UpperLimitLookUP
                0x00000000080079c8        0x6 ./Core/Src/Sensors/src/vl6180_api.o
 *fill*         0x00000000080079ce        0x2 
 .rodata.WrapAroundLowReturnRateLimit_ROM.27
                0x00000000080079d0        0x4 ./Core/Src/Sensors/src/vl6180_api.o
 .rodata.WrapAroundLowReturnRateLimit2_ROM.26
                0x00000000080079d4        0x4 ./Core/Src/Sensors/src/vl6180_api.o
 .rodata.WrapAroundLowReturnRateFilterLimit_ROM.25
                0x00000000080079d8        0x4 ./Core/Src/Sensors/src/vl6180_api.o
 .rodata.WrapAroundHighReturnRateFilterLimit_ROM.24
                0x00000000080079dc        0x4 ./Core/Src/Sensors/src/vl6180_api.o
 .rodata.WrapAroundLowRawRangeLimit.23
                0x00000000080079e0        0x2 ./Core/Src/Sensors/src/vl6180_api.o
 .rodata.WrapAroundLowRawRangeLimit2.22
                0x00000000080079e2        0x2 ./Core/Src/Sensors/src/vl6180_api.o
 .rodata.WrapAroundLowRawRangeLimit2SuspicuousAddedSignalRate.21
                0x00000000080079e4        0x4 ./Core/Src/Sensors/src/vl6180_api.o
 .rodata.WrapAroundMaximumAmbientRateFilterLimit.20
                0x00000000080079e8        0x4 ./Core/Src/Sensors/src/vl6180_api.o
 .rodata.MinReturnRateFilterFlush.19
                0x00000000080079ec        0x4 ./Core/Src/Sensors/src/vl6180_api.o
 .rodata.MaxReturnRateChangeFilterFlush.18
                0x00000000080079f0        0x4 ./Core/Src/Sensors/src/vl6180_api.o
 .rodata.WrapAroundHighRawRangeFilterLimit.17
                0x00000000080079f4        0x2 ./Core/Src/Sensors/src/vl6180_api.o
 .rodata.WrapAroundNoDelayCheckPeriod.16
                0x00000000080079f6        0x2 ./Core/Src/Sensors/src/vl6180_api.o
 .rodata.MAX_VAVGDiff_ROM.15
                0x00000000080079f8        0x4 ./Core/Src/Sensors/src/vl6180_api.o
 .rodata.SuspicuousMAX_VAVGDiffRatio.14
                0x00000000080079fc        0x4 ./Core/Src/Sensors/src/vl6180_api.o
 .rodata.StdDevLimitLowLight.13
                0x0000000008007a00        0x4 ./Core/Src/Sensors/src/vl6180_api.o
 .rodata.StdDevLimitLowLightSNR.12
                0x0000000008007a04        0x4 ./Core/Src/Sensors/src/vl6180_api.o
 .rodata.StdDevLimitHighLight.11
                0x0000000008007a08        0x4 ./Core/Src/Sensors/src/vl6180_api.o
 .rodata.StdDevLimitHighLightSNR.10
                0x0000000008007a0c        0x4 ./Core/Src/Sensors/src/vl6180_api.o
 .rodata.StdDevMovingTargetStdDevLimit.9
                0x0000000008007a10        0x4 ./Core/Src/Sensors/src/vl6180_api.o
 .rodata.StdDevMovingTargetReturnRateLimit.8
                0x0000000008007a14        0x4 ./Core/Src/Sensors/src/vl6180_api.o
 .rodata.StdDevMovingTargetStdDevForReturnRateLimit.7
                0x0000000008007a18        0x4 ./Core/Src/Sensors/src/vl6180_api.o
 .rodata.StdDevNoWrapDetectedMultiplier.6
                0x0000000008007a1c        0x4 ./Core/Src/Sensors/src/vl6180_api.o
 .rodata.StdDevHighConfidenceSNRLimit.5
                0x0000000008007a20        0x4 ./Core/Src/Sensors/src/vl6180_api.o
 .rodata.StdFilteredReadsIncrement.4
                0x0000000008007a24        0x2 ./Core/Src/Sensors/src/vl6180_api.o
 .rodata.StdMaxFilteredReads.3
                0x0000000008007a26        0x2 ./Core/Src/Sensors/src/vl6180_api.o
 .rodata.StdFilteredReadsDecrement.2
                0x0000000008007a28        0x2 ./Core/Src/Sensors/src/vl6180_api.o
 *fill*         0x0000000008007a2a        0x2 
 .rodata.MaxConvTimeAdjust.1
                0x0000000008007a2c        0x4 ./Core/Src/Sensors/src/vl6180_api.o
 .rodata.rtnAmbLowLimit_KCps.0
                0x0000000008007a30        0x4 ./Core/Src/Sensors/src/vl6180_api.o
                0x0000000008007a34                . = ALIGN (0x4)

.rel.dyn        0x0000000008007a34        0x0
 .rel.iplt      0x0000000008007a34        0x0 c:/st/stm32cubeide_1.8.0/stm32cubeide/plugins/com.st.stm32cube.ide.mcu.externaltools.gnu-tools-for-stm32.10.3-2021.10.win32_1.0.0.202111181127/tools/bin/../lib/gcc/arm-none-eabi/10.3.1/thumb/v6-m/nofp/crtbegin.o

.ARM.extab      0x0000000008007a34        0x0
                0x0000000008007a34                . = ALIGN (0x4)
 *(.ARM.extab* .gnu.linkonce.armextab.*)
                0x0000000008007a34                . = ALIGN (0x4)

.ARM            0x0000000008007a34        0x0
                0x0000000008007a34                . = ALIGN (0x4)
                0x0000000008007a34                __exidx_start = .
 *(.ARM.exidx*)
                0x0000000008007a34                __exidx_end = .
                0x0000000008007a34                . = ALIGN (0x4)

.preinit_array  0x0000000008007a34        0x0
                0x0000000008007a34                . = ALIGN (0x4)
                0x0000000008007a34                PROVIDE (__preinit_array_start = .)
 *(.preinit_array*)
                0x0000000008007a34                PROVIDE (__preinit_array_end = .)
                0x0000000008007a34                . = ALIGN (0x4)

.init_array     0x0000000008007a34        0x4
                0x0000000008007a34                . = ALIGN (0x4)
                0x0000000008007a34                PROVIDE (__init_array_start = .)
 *(SORT_BY_NAME(.init_array.*))
 *(.init_array*)
 .init_array    0x0000000008007a34        0x4 c:/st/stm32cubeide_1.8.0/stm32cubeide/plugins/com.st.stm32cube.ide.mcu.externaltools.gnu-tools-for-stm32.10.3-2021.10.win32_1.0.0.202111181127/tools/bin/../lib/gcc/arm-none-eabi/10.3.1/thumb/v6-m/nofp/crtbegin.o
                0x0000000008007a38                PROVIDE (__init_array_end = .)
                0x0000000008007a38                . = ALIGN (0x4)

.fini_array     0x0000000008007a38        0x4
                0x0000000008007a38                . = ALIGN (0x4)
                [!provide]                        PROVIDE (__fini_array_start = .)
 *(SORT_BY_NAME(.fini_array.*))
 *(.fini_array*)
 .fini_array    0x0000000008007a38        0x4 c:/st/stm32cubeide_1.8.0/stm32cubeide/plugins/com.st.stm32cube.ide.mcu.externaltools.gnu-tools-for-stm32.10.3-2021.10.win32_1.0.0.202111181127/tools/bin/../lib/gcc/arm-none-eabi/10.3.1/thumb/v6-m/nofp/crtbegin.o
                [!provide]                        PROVIDE (__fini_array_end = .)
                0x0000000008007a3c                . = ALIGN (0x4)
                0x0000000008007a3c                _sidata = LOADADDR (.data)

.data           0x0000000020000000       0xdc load address 0x0000000008007a3c
                0x0000000020000000                . = ALIGN (0x4)
                0x0000000020000000                _sdata = .
 *(.data)
 *(.data*)
 .data.ID       0x0000000020000000        0x1 ./Core/Src/main.o
                0x0000000020000000                ID
 *fill*         0x0000000020000001        0x3 
 .data.SystemCoreClock
                0x0000000020000004        0x4 ./Core/Src/system_stm32f0xx.o
                0x0000000020000004                SystemCoreClock
 .data.vl6180Handler
                0x0000000020000008        0x1 ./Core/Src/Sensors/src/prox.o
                0x0000000020000008                vl6180Handler
 *fill*         0x0000000020000009        0x3 
 .data.SingleVL6180DevData
                0x000000002000000c       0xc8 ./Core/Src/Sensors/src/vl6180_api.o
                0x000000002000000c                SingleVL6180DevData
 .data.uwTickPrio
                0x00000000200000d4        0x4 ./Drivers/STM32F0xx_HAL_Driver/Src/stm32f0xx_hal.o
                0x00000000200000d4                uwTickPrio
 .data.uwTickFreq
                0x00000000200000d8        0x1 ./Drivers/STM32F0xx_HAL_Driver/Src/stm32f0xx_hal.o
                0x00000000200000d8                uwTickFreq
 *(.RamFunc)
 *(.RamFunc*)
                0x00000000200000dc                . = ALIGN (0x4)
 *fill*         0x00000000200000d9        0x3 
                0x00000000200000dc                _edata = .

.igot.plt       0x00000000200000dc        0x0 load address 0x0000000008007b18
 .igot.plt      0x00000000200000dc        0x0 c:/st/stm32cubeide_1.8.0/stm32cubeide/plugins/com.st.stm32cube.ide.mcu.externaltools.gnu-tools-for-stm32.10.3-2021.10.win32_1.0.0.202111181127/tools/bin/../lib/gcc/arm-none-eabi/10.3.1/thumb/v6-m/nofp/crtbegin.o
                0x00000000200000dc                . = ALIGN (0x4)

.bss            0x00000000200000dc       0xd8 load address 0x0000000008007b18
                0x00000000200000dc                _sbss = .
                0x00000000200000dc                __bss_start__ = _sbss
 *(.bss)
 .bss           0x00000000200000dc       0x1c c:/st/stm32cubeide_1.8.0/stm32cubeide/plugins/com.st.stm32cube.ide.mcu.externaltools.gnu-tools-for-stm32.10.3-2021.10.win32_1.0.0.202111181127/tools/bin/../lib/gcc/arm-none-eabi/10.3.1/thumb/v6-m/nofp/crtbegin.o
 *(.bss*)
 .bss.hadc      0x00000000200000f8       0x40 ./Core/Src/main.o
                0x00000000200000f8                hadc
 .bss.hi2c1     0x0000000020000138       0x4c ./Core/Src/main.o
                0x0000000020000138                hi2c1
 .bss.hrtc      0x0000000020000184       0x20 ./Core/Src/main.o
                0x0000000020000184                hrtc
 .bss.ADCState  0x00000000200001a4        0x4 ./Core/Src/Sensors/src/temp.o
                0x00000000200001a4                ADCState
 .bss.SensorState
                0x00000000200001a8        0x1 ./Core/Src/Sensors/src/temp.o
                0x00000000200001a8                SensorState
 *fill*         0x00000000200001a9        0x3 
 .bss.i2cHandler
                0x00000000200001ac        0x4 ./Core/Src/Sensors/src/vl6180_i2c.o
                0x00000000200001ac                i2cHandler
 .bss.uwTick    0x00000000200001b0        0x4 ./Drivers/STM32F0xx_HAL_Driver/Src/stm32f0xx_hal.o
                0x00000000200001b0                uwTick
 *(COMMON)
                0x00000000200001b4                . = ALIGN (0x4)
                0x00000000200001b4                _ebss = .
                0x00000000200001b4                __bss_end__ = _ebss

._user_heap_stack
                0x00000000200001b4      0x604 load address 0x0000000008007b18
                0x00000000200001b8                . = ALIGN (0x8)
 *fill*         0x00000000200001b4        0x4 
                [!provide]                        PROVIDE (end = .)
                0x00000000200001b8                PROVIDE (_end = .)
                0x00000000200003b8                . = (. + _Min_Heap_Size)
 *fill*         0x00000000200001b8      0x200 
                0x00000000200007b8                . = (. + _Min_Stack_Size)
 *fill*         0x00000000200003b8      0x400 
                0x00000000200007b8                . = ALIGN (0x8)

/DISCARD/
 libc.a(*)
 libm.a(*)
 libgcc.a(*)

.ARM.attributes
                0x0000000000000000       0x28
 *(.ARM.attributes)
 .ARM.attributes
                0x0000000000000000       0x1e c:/st/stm32cubeide_1.8.0/stm32cubeide/plugins/com.st.stm32cube.ide.mcu.externaltools.gnu-tools-for-stm32.10.3-2021.10.win32_1.0.0.202111181127/tools/bin/../lib/gcc/arm-none-eabi/10.3.1/thumb/v6-m/nofp/crti.o
 .ARM.attributes
                0x000000000000001e       0x2c c:/st/stm32cubeide_1.8.0/stm32cubeide/plugins/com.st.stm32cube.ide.mcu.externaltools.gnu-tools-for-stm32.10.3-2021.10.win32_1.0.0.202111181127/tools/bin/../lib/gcc/arm-none-eabi/10.3.1/thumb/v6-m/nofp/crtbegin.o
 .ARM.attributes
                0x000000000000004a       0x2c ./Core/Src/EEPROM.o
 .ARM.attributes
                0x0000000000000076       0x2c ./Core/Src/main.o
 .ARM.attributes
                0x00000000000000a2       0x2c ./Core/Src/stm32f0xx_hal_msp.o
 .ARM.attributes
                0x00000000000000ce       0x2c ./Core/Src/stm32f0xx_it.o
 .ARM.attributes
                0x00000000000000fa       0x2c ./Core/Src/system_stm32f0xx.o
 .ARM.attributes
                0x0000000000000126       0x2c ./Core/Src/Sensors/src/prox.o
 .ARM.attributes
                0x0000000000000152       0x2c ./Core/Src/Sensors/src/sensors.o
 .ARM.attributes
                0x000000000000017e       0x2c ./Core/Src/Sensors/src/temp.o
 .ARM.attributes
                0x00000000000001aa       0x2c ./Core/Src/Sensors/src/vl6180_api.o
 .ARM.attributes
                0x00000000000001d6       0x2c ./Core/Src/Sensors/src/vl6180_i2c.o
 .ARM.attributes
                0x0000000000000202       0x2c ./Core/Src/Sensors/src/vl6180_plaform.o
 .ARM.attributes
                0x000000000000022e       0x21 ./Core/Startup/startup_stm32f051r8tx.o
 .ARM.attributes
                0x000000000000024f       0x2c ./Drivers/STM32F0xx_HAL_Driver/Src/stm32f0xx_hal.o
 .ARM.attributes
                0x000000000000027b       0x2c ./Drivers/STM32F0xx_HAL_Driver/Src/stm32f0xx_hal_adc.o
 .ARM.attributes
                0x00000000000002a7       0x2c ./Drivers/STM32F0xx_HAL_Driver/Src/stm32f0xx_hal_adc_ex.o
 .ARM.attributes
                0x00000000000002d3       0x2c ./Drivers/STM32F0xx_HAL_Driver/Src/stm32f0xx_hal_cortex.o
 .ARM.attributes
                0x00000000000002ff       0x2c ./Drivers/STM32F0xx_HAL_Driver/Src/stm32f0xx_hal_gpio.o
 .ARM.attributes
                0x000000000000032b       0x2c ./Drivers/STM32F0xx_HAL_Driver/Src/stm32f0xx_hal_i2c.o
 .ARM.attributes
                0x0000000000000357       0x2c ./Drivers/STM32F0xx_HAL_Driver/Src/stm32f0xx_hal_i2c_ex.o
 .ARM.attributes
                0x0000000000000383       0x2c ./Drivers/STM32F0xx_HAL_Driver/Src/stm32f0xx_hal_rcc.o
 .ARM.attributes
                0x00000000000003af       0x2c ./Drivers/STM32F0xx_HAL_Driver/Src/stm32f0xx_hal_rcc_ex.o
 .ARM.attributes
                0x00000000000003db       0x2c ./Drivers/STM32F0xx_HAL_Driver/Src/stm32f0xx_hal_rtc.o
 .ARM.attributes
                0x0000000000000407       0x2c c:/st/stm32cubeide_1.8.0/stm32cubeide/plugins/com.st.stm32cube.ide.mcu.externaltools.gnu-tools-for-stm32.10.3-2021.10.win32_1.0.0.202111181127/tools/bin/../lib/gcc/arm-none-eabi/10.3.1/../../../../arm-none-eabi/lib/thumb/v6-m/nofp\libc_nano.a(lib_a-init.o)
 .ARM.attributes
                0x0000000000000433       0x2c c:/st/stm32cubeide_1.8.0/stm32cubeide/plugins/com.st.stm32cube.ide.mcu.externaltools.gnu-tools-for-stm32.10.3-2021.10.win32_1.0.0.202111181127/tools/bin/../lib/gcc/arm-none-eabi/10.3.1/../../../../arm-none-eabi/lib/thumb/v6-m/nofp\libc_nano.a(lib_a-memcpy-stub.o)
 .ARM.attributes
                0x000000000000045f       0x2c c:/st/stm32cubeide_1.8.0/stm32cubeide/plugins/com.st.stm32cube.ide.mcu.externaltools.gnu-tools-for-stm32.10.3-2021.10.win32_1.0.0.202111181127/tools/bin/../lib/gcc/arm-none-eabi/10.3.1/../../../../arm-none-eabi/lib/thumb/v6-m/nofp\libc_nano.a(lib_a-memset.o)
 .ARM.attributes
                0x000000000000048b       0x1e c:/st/stm32cubeide_1.8.0/stm32cubeide/plugins/com.st.stm32cube.ide.mcu.externaltools.gnu-tools-for-stm32.10.3-2021.10.win32_1.0.0.202111181127/tools/bin/../lib/gcc/arm-none-eabi/10.3.1/thumb/v6-m/nofp\libgcc.a(_udivsi3.o)
 .ARM.attributes
                0x00000000000004a9       0x1e c:/st/stm32cubeide_1.8.0/stm32cubeide/plugins/com.st.stm32cube.ide.mcu.externaltools.gnu-tools-for-stm32.10.3-2021.10.win32_1.0.0.202111181127/tools/bin/../lib/gcc/arm-none-eabi/10.3.1/thumb/v6-m/nofp\libgcc.a(_divsi3.o)
 .ARM.attributes
                0x00000000000004c7       0x1e c:/st/stm32cubeide_1.8.0/stm32cubeide/plugins/com.st.stm32cube.ide.mcu.externaltools.gnu-tools-for-stm32.10.3-2021.10.win32_1.0.0.202111181127/tools/bin/../lib/gcc/arm-none-eabi/10.3.1/thumb/v6-m/nofp\libgcc.a(_dvmd_tls.o)
 .ARM.attributes
                0x00000000000004e5       0x2c c:/st/stm32cubeide_1.8.0/stm32cubeide/plugins/com.st.stm32cube.ide.mcu.externaltools.gnu-tools-for-stm32.10.3-2021.10.win32_1.0.0.202111181127/tools/bin/../lib/gcc/arm-none-eabi/10.3.1/thumb/v6-m/nofp\libgcc.a(_fixunssfsi.o)
 .ARM.attributes
                0x0000000000000511       0x2c c:/st/stm32cubeide_1.8.0/stm32cubeide/plugins/com.st.stm32cube.ide.mcu.externaltools.gnu-tools-for-stm32.10.3-2021.10.win32_1.0.0.202111181127/tools/bin/../lib/gcc/arm-none-eabi/10.3.1/thumb/v6-m/nofp\libgcc.a(mulsf3.o)
 .ARM.attributes
                0x000000000000053d       0x2c c:/st/stm32cubeide_1.8.0/stm32cubeide/plugins/com.st.stm32cube.ide.mcu.externaltools.gnu-tools-for-stm32.10.3-2021.10.win32_1.0.0.202111181127/tools/bin/../lib/gcc/arm-none-eabi/10.3.1/thumb/v6-m/nofp\libgcc.a(subsf3.o)
 .ARM.attributes
                0x0000000000000569       0x2c c:/st/stm32cubeide_1.8.0/stm32cubeide/plugins/com.st.stm32cube.ide.mcu.externaltools.gnu-tools-for-stm32.10.3-2021.10.win32_1.0.0.202111181127/tools/bin/../lib/gcc/arm-none-eabi/10.3.1/thumb/v6-m/nofp\libgcc.a(fixsfsi.o)
 .ARM.attributes
                0x0000000000000595       0x2c c:/st/stm32cubeide_1.8.0/stm32cubeide/plugins/com.st.stm32cube.ide.mcu.externaltools.gnu-tools-for-stm32.10.3-2021.10.win32_1.0.0.202111181127/tools/bin/../lib/gcc/arm-none-eabi/10.3.1/thumb/v6-m/nofp\libgcc.a(floatunsisf.o)
 .ARM.attributes
                0x00000000000005c1       0x2c c:/st/stm32cubeide_1.8.0/stm32cubeide/plugins/com.st.stm32cube.ide.mcu.externaltools.gnu-tools-for-stm32.10.3-2021.10.win32_1.0.0.202111181127/tools/bin/../lib/gcc/arm-none-eabi/10.3.1/thumb/v6-m/nofp\libgcc.a(muldf3.o)
 .ARM.attributes
                0x00000000000005ed       0x2c c:/st/stm32cubeide_1.8.0/stm32cubeide/plugins/com.st.stm32cube.ide.mcu.externaltools.gnu-tools-for-stm32.10.3-2021.10.win32_1.0.0.202111181127/tools/bin/../lib/gcc/arm-none-eabi/10.3.1/thumb/v6-m/nofp\libgcc.a(extendsfdf2.o)
 .ARM.attributes
                0x0000000000000619       0x2c c:/st/stm32cubeide_1.8.0/stm32cubeide/plugins/com.st.stm32cube.ide.mcu.externaltools.gnu-tools-for-stm32.10.3-2021.10.win32_1.0.0.202111181127/tools/bin/../lib/gcc/arm-none-eabi/10.3.1/thumb/v6-m/nofp\libgcc.a(truncdfsf2.o)
 .ARM.attributes
                0x0000000000000645       0x1e c:/st/stm32cubeide_1.8.0/stm32cubeide/plugins/com.st.stm32cube.ide.mcu.externaltools.gnu-tools-for-stm32.10.3-2021.10.win32_1.0.0.202111181127/tools/bin/../lib/gcc/arm-none-eabi/10.3.1/thumb/v6-m/nofp\libgcc.a(_arm_cmpsf2.o)
 .ARM.attributes
                0x0000000000000663       0x1e c:/st/stm32cubeide_1.8.0/stm32cubeide/plugins/com.st.stm32cube.ide.mcu.externaltools.gnu-tools-for-stm32.10.3-2021.10.win32_1.0.0.202111181127/tools/bin/../lib/gcc/arm-none-eabi/10.3.1/thumb/v6-m/nofp\libgcc.a(_clzsi2.o)
 .ARM.attributes
                0x0000000000000681       0x2c c:/st/stm32cubeide_1.8.0/stm32cubeide/plugins/com.st.stm32cube.ide.mcu.externaltools.gnu-tools-for-stm32.10.3-2021.10.win32_1.0.0.202111181127/tools/bin/../lib/gcc/arm-none-eabi/10.3.1/thumb/v6-m/nofp\libgcc.a(eqsf2.o)
 .ARM.attributes
                0x00000000000006ad       0x2c c:/st/stm32cubeide_1.8.0/stm32cubeide/plugins/com.st.stm32cube.ide.mcu.externaltools.gnu-tools-for-stm32.10.3-2021.10.win32_1.0.0.202111181127/tools/bin/../lib/gcc/arm-none-eabi/10.3.1/thumb/v6-m/nofp\libgcc.a(gesf2.o)
 .ARM.attributes
                0x00000000000006d9       0x2c c:/st/stm32cubeide_1.8.0/stm32cubeide/plugins/com.st.stm32cube.ide.mcu.externaltools.gnu-tools-for-stm32.10.3-2021.10.win32_1.0.0.202111181127/tools/bin/../lib/gcc/arm-none-eabi/10.3.1/thumb/v6-m/nofp\libgcc.a(lesf2.o)
 .ARM.attributes
                0x0000000000000705       0x1e c:/st/stm32cubeide_1.8.0/stm32cubeide/plugins/com.st.stm32cube.ide.mcu.externaltools.gnu-tools-for-stm32.10.3-2021.10.win32_1.0.0.202111181127/tools/bin/../lib/gcc/arm-none-eabi/10.3.1/thumb/v6-m/nofp/crtn.o
OUTPUT(EEE3088F_Group5_HAT.elf elf32-littlearm)
LOAD linker stubs
LOAD c:/st/stm32cubeide_1.8.0/stm32cubeide/plugins/com.st.stm32cube.ide.mcu.externaltools.gnu-tools-for-stm32.10.3-2021.10.win32_1.0.0.202111181127/tools/bin/../lib/gcc/arm-none-eabi/10.3.1/../../../../arm-none-eabi/lib/thumb/v6-m/nofp\libc.a
LOAD c:/st/stm32cubeide_1.8.0/stm32cubeide/plugins/com.st.stm32cube.ide.mcu.externaltools.gnu-tools-for-stm32.10.3-2021.10.win32_1.0.0.202111181127/tools/bin/../lib/gcc/arm-none-eabi/10.3.1/../../../../arm-none-eabi/lib/thumb/v6-m/nofp\libm.a
LOAD c:/st/stm32cubeide_1.8.0/stm32cubeide/plugins/com.st.stm32cube.ide.mcu.externaltools.gnu-tools-for-stm32.10.3-2021.10.win32_1.0.0.202111181127/tools/bin/../lib/gcc/arm-none-eabi/10.3.1/thumb/v6-m/nofp\libgcc.a

.debug_info     0x0000000000000000     0xed58
 .debug_info    0x0000000000000000      0xacb ./Core/Src/EEPROM.o
 .debug_info    0x0000000000000acb     0x1817 ./Core/Src/main.o
 .debug_info    0x00000000000022e2      0xe81 ./Core/Src/stm32f0xx_hal_msp.o
 .debug_info    0x0000000000003163      0x25d ./Core/Src/stm32f0xx_it.o
 .debug_info    0x00000000000033c0      0x269 ./Core/Src/system_stm32f0xx.o
 .debug_info    0x0000000000003629      0xa9d ./Core/Src/Sensors/src/prox.o
 .debug_info    0x00000000000040c6      0xa35 ./Core/Src/Sensors/src/sensors.o
 .debug_info    0x0000000000004afb      0x7f7 ./Core/Src/Sensors/src/temp.o
 .debug_info    0x00000000000052f2     0x25df ./Core/Src/Sensors/src/vl6180_api.o
 .debug_info    0x00000000000078d1      0xb33 ./Core/Src/Sensors/src/vl6180_i2c.o
 .debug_info    0x0000000000008404       0xef ./Core/Src/Sensors/src/vl6180_plaform.o
 .debug_info    0x00000000000084f3       0x22 ./Core/Startup/startup_stm32f051r8tx.o
 .debug_info    0x0000000000008515      0x6de ./Drivers/STM32F0xx_HAL_Driver/Src/stm32f0xx_hal.o
 .debug_info    0x0000000000008bf3      0xcf3 ./Drivers/STM32F0xx_HAL_Driver/Src/stm32f0xx_hal_adc.o
 .debug_info    0x00000000000098e6      0x5a4 ./Drivers/STM32F0xx_HAL_Driver/Src/stm32f0xx_hal_adc_ex.o
 .debug_info    0x0000000000009e8a      0x711 ./Drivers/STM32F0xx_HAL_Driver/Src/stm32f0xx_hal_cortex.o
 .debug_info    0x000000000000a59b      0x621 ./Drivers/STM32F0xx_HAL_Driver/Src/stm32f0xx_hal_gpio.o
 .debug_info    0x000000000000abbc     0x2149 ./Drivers/STM32F0xx_HAL_Driver/Src/stm32f0xx_hal_i2c.o
 .debug_info    0x000000000000cd05      0x89a ./Drivers/STM32F0xx_HAL_Driver/Src/stm32f0xx_hal_i2c_ex.o
 .debug_info    0x000000000000d59f      0x89f ./Drivers/STM32F0xx_HAL_Driver/Src/stm32f0xx_hal_rcc.o
 .debug_info    0x000000000000de3e      0x389 ./Drivers/STM32F0xx_HAL_Driver/Src/stm32f0xx_hal_rcc_ex.o
 .debug_info    0x000000000000e1c7      0xb91 ./Drivers/STM32F0xx_HAL_Driver/Src/stm32f0xx_hal_rtc.o

.debug_abbrev   0x0000000000000000     0x297c
 .debug_abbrev  0x0000000000000000      0x280 ./Core/Src/EEPROM.o
 .debug_abbrev  0x0000000000000280      0x31e ./Core/Src/main.o
 .debug_abbrev  0x000000000000059e      0x1bb ./Core/Src/stm32f0xx_hal_msp.o
 .debug_abbrev  0x0000000000000759      0x14a ./Core/Src/stm32f0xx_it.o
 .debug_abbrev  0x00000000000008a3      0x116 ./Core/Src/system_stm32f0xx.o
 .debug_abbrev  0x00000000000009b9      0x26b ./Core/Src/Sensors/src/prox.o
 .debug_abbrev  0x0000000000000c24      0x1d5 ./Core/Src/Sensors/src/sensors.o
 .debug_abbrev  0x0000000000000df9      0x211 ./Core/Src/Sensors/src/temp.o
 .debug_abbrev  0x000000000000100a      0x333 ./Core/Src/Sensors/src/vl6180_api.o
 .debug_abbrev  0x000000000000133d      0x22d ./Core/Src/Sensors/src/vl6180_i2c.o
 .debug_abbrev  0x000000000000156a       0x83 ./Core/Src/Sensors/src/vl6180_plaform.o
 .debug_abbrev  0x00000000000015ed       0x12 ./Core/Startup/startup_stm32f051r8tx.o
 .debug_abbrev  0x00000000000015ff      0x23f ./Drivers/STM32F0xx_HAL_Driver/Src/stm32f0xx_hal.o
 .debug_abbrev  0x000000000000183e      0x203 ./Drivers/STM32F0xx_HAL_Driver/Src/stm32f0xx_hal_adc.o
 .debug_abbrev  0x0000000000001a41      0x131 ./Drivers/STM32F0xx_HAL_Driver/Src/stm32f0xx_hal_adc_ex.o
 .debug_abbrev  0x0000000000001b72      0x283 ./Drivers/STM32F0xx_HAL_Driver/Src/stm32f0xx_hal_cortex.o
 .debug_abbrev  0x0000000000001df5      0x1bb ./Drivers/STM32F0xx_HAL_Driver/Src/stm32f0xx_hal_gpio.o
 .debug_abbrev  0x0000000000001fb0      0x254 ./Drivers/STM32F0xx_HAL_Driver/Src/stm32f0xx_hal_i2c.o
 .debug_abbrev  0x0000000000002204      0x1c1 ./Drivers/STM32F0xx_HAL_Driver/Src/stm32f0xx_hal_i2c_ex.o
 .debug_abbrev  0x00000000000023c5      0x283 ./Drivers/STM32F0xx_HAL_Driver/Src/stm32f0xx_hal_rcc.o
 .debug_abbrev  0x0000000000002648      0x169 ./Drivers/STM32F0xx_HAL_Driver/Src/stm32f0xx_hal_rcc_ex.o
 .debug_abbrev  0x00000000000027b1      0x1cb ./Drivers/STM32F0xx_HAL_Driver/Src/stm32f0xx_hal_rtc.o

.debug_aranges  0x0000000000000000      0xca0
 .debug_aranges
                0x0000000000000000       0x58 ./Core/Src/EEPROM.o
 .debug_aranges
                0x0000000000000058       0x80 ./Core/Src/main.o
 .debug_aranges
                0x00000000000000d8       0x50 ./Core/Src/stm32f0xx_hal_msp.o
 .debug_aranges
                0x0000000000000128       0x50 ./Core/Src/stm32f0xx_it.o
 .debug_aranges
                0x0000000000000178       0x28 ./Core/Src/system_stm32f0xx.o
 .debug_aranges
                0x00000000000001a0       0x40 ./Core/Src/Sensors/src/prox.o
 .debug_aranges
                0x00000000000001e0       0x30 ./Core/Src/Sensors/src/sensors.o
 .debug_aranges
                0x0000000000000210       0x40 ./Core/Src/Sensors/src/temp.o
 .debug_aranges
                0x0000000000000250      0x228 ./Core/Src/Sensors/src/vl6180_api.o
 .debug_aranges
                0x0000000000000478       0x78 ./Core/Src/Sensors/src/vl6180_i2c.o
 .debug_aranges
                0x00000000000004f0       0x20 ./Core/Src/Sensors/src/vl6180_plaform.o
 .debug_aranges
                0x0000000000000510       0x28 ./Core/Startup/startup_stm32f051r8tx.o
 .debug_aranges
                0x0000000000000538       0xd0 ./Drivers/STM32F0xx_HAL_Driver/Src/stm32f0xx_hal.o
 .debug_aranges
                0x0000000000000608       0xf8 ./Drivers/STM32F0xx_HAL_Driver/Src/stm32f0xx_hal_adc.o
 .debug_aranges
                0x0000000000000700       0x20 ./Drivers/STM32F0xx_HAL_Driver/Src/stm32f0xx_hal_adc_ex.o
 .debug_aranges
                0x0000000000000720       0xc0 ./Drivers/STM32F0xx_HAL_Driver/Src/stm32f0xx_hal_cortex.o
 .debug_aranges
                0x00000000000007e0       0x58 ./Drivers/STM32F0xx_HAL_Driver/Src/stm32f0xx_hal_gpio.o
 .debug_aranges
                0x0000000000000838      0x290 ./Drivers/STM32F0xx_HAL_Driver/Src/stm32f0xx_hal_i2c.o
 .debug_aranges
                0x0000000000000ac8       0x48 ./Drivers/STM32F0xx_HAL_Driver/Src/stm32f0xx_hal_i2c_ex.o
 .debug_aranges
                0x0000000000000b10       0x80 ./Drivers/STM32F0xx_HAL_Driver/Src/stm32f0xx_hal_rcc.o
 .debug_aranges
                0x0000000000000b90       0x30 ./Drivers/STM32F0xx_HAL_Driver/Src/stm32f0xx_hal_rcc_ex.o
 .debug_aranges
                0x0000000000000bc0       0xe0 ./Drivers/STM32F0xx_HAL_Driver/Src/stm32f0xx_hal_rtc.o

.debug_ranges   0x0000000000000000      0xb48
 .debug_ranges  0x0000000000000000       0x48 ./Core/Src/EEPROM.o
 .debug_ranges  0x0000000000000048       0x70 ./Core/Src/main.o
 .debug_ranges  0x00000000000000b8       0x40 ./Core/Src/stm32f0xx_hal_msp.o
 .debug_ranges  0x00000000000000f8       0x40 ./Core/Src/stm32f0xx_it.o
 .debug_ranges  0x0000000000000138       0x18 ./Core/Src/system_stm32f0xx.o
 .debug_ranges  0x0000000000000150       0x30 ./Core/Src/Sensors/src/prox.o
 .debug_ranges  0x0000000000000180       0x20 ./Core/Src/Sensors/src/sensors.o
 .debug_ranges  0x00000000000001a0       0x30 ./Core/Src/Sensors/src/temp.o
 .debug_ranges  0x00000000000001d0      0x218 ./Core/Src/Sensors/src/vl6180_api.o
 .debug_ranges  0x00000000000003e8       0x68 ./Core/Src/Sensors/src/vl6180_i2c.o
 .debug_ranges  0x0000000000000450       0x10 ./Core/Src/Sensors/src/vl6180_plaform.o
 .debug_ranges  0x0000000000000460       0x20 ./Core/Startup/startup_stm32f051r8tx.o
 .debug_ranges  0x0000000000000480       0xc0 ./Drivers/STM32F0xx_HAL_Driver/Src/stm32f0xx_hal.o
 .debug_ranges  0x0000000000000540       0xe8 ./Drivers/STM32F0xx_HAL_Driver/Src/stm32f0xx_hal_adc.o
 .debug_ranges  0x0000000000000628       0x10 ./Drivers/STM32F0xx_HAL_Driver/Src/stm32f0xx_hal_adc_ex.o
 .debug_ranges  0x0000000000000638       0xb0 ./Drivers/STM32F0xx_HAL_Driver/Src/stm32f0xx_hal_cortex.o
 .debug_ranges  0x00000000000006e8       0x48 ./Drivers/STM32F0xx_HAL_Driver/Src/stm32f0xx_hal_gpio.o
 .debug_ranges  0x0000000000000730      0x280 ./Drivers/STM32F0xx_HAL_Driver/Src/stm32f0xx_hal_i2c.o
 .debug_ranges  0x00000000000009b0       0x38 ./Drivers/STM32F0xx_HAL_Driver/Src/stm32f0xx_hal_i2c_ex.o
 .debug_ranges  0x00000000000009e8       0x70 ./Drivers/STM32F0xx_HAL_Driver/Src/stm32f0xx_hal_rcc.o
 .debug_ranges  0x0000000000000a58       0x20 ./Drivers/STM32F0xx_HAL_Driver/Src/stm32f0xx_hal_rcc_ex.o
 .debug_ranges  0x0000000000000a78       0xd0 ./Drivers/STM32F0xx_HAL_Driver/Src/stm32f0xx_hal_rtc.o

.debug_macro    0x0000000000000000    0x14591
 .debug_macro   0x0000000000000000      0x2c4 ./Core/Src/EEPROM.o
 .debug_macro   0x00000000000002c4      0xa4e ./Core/Src/EEPROM.o
 .debug_macro   0x0000000000000d12       0x22 ./Core/Src/EEPROM.o
 .debug_macro   0x0000000000000d34       0x8e ./Core/Src/EEPROM.o
 .debug_macro   0x0000000000000dc2       0x51 ./Core/Src/EEPROM.o
 .debug_macro   0x0000000000000e13      0x103 ./Core/Src/EEPROM.o
 .debug_macro   0x0000000000000f16       0x6a ./Core/Src/EEPROM.o
 .debug_macro   0x0000000000000f80      0x1df ./Core/Src/EEPROM.o
 .debug_macro   0x000000000000115f      0x133 ./Core/Src/EEPROM.o
 .debug_macro   0x0000000000001292       0x2e ./Core/Src/EEPROM.o
 .debug_macro   0x00000000000012c0       0x22 ./Core/Src/EEPROM.o
 .debug_macro   0x00000000000012e2       0x1c ./Core/Src/EEPROM.o
 .debug_macro   0x00000000000012fe       0x22 ./Core/Src/EEPROM.o
 .debug_macro   0x0000000000001320       0xaf ./Core/Src/EEPROM.o
 .debug_macro   0x00000000000013cf      0x391 ./Core/Src/EEPROM.o
 .debug_macro   0x0000000000001760     0x8ce4 ./Core/Src/EEPROM.o
 .debug_macro   0x000000000000a444       0x66 ./Core/Src/EEPROM.o
 .debug_macro   0x000000000000a4aa     0x34a6 ./Core/Src/EEPROM.o
 .debug_macro   0x000000000000d950      0x174 ./Core/Src/EEPROM.o
 .debug_macro   0x000000000000dac4       0x55 ./Core/Src/EEPROM.o
 .debug_macro   0x000000000000db19      0x924 ./Core/Src/EEPROM.o
 .debug_macro   0x000000000000e43d      0x251 ./Core/Src/EEPROM.o
 .debug_macro   0x000000000000e68e      0x1af ./Core/Src/EEPROM.o
 .debug_macro   0x000000000000e83d      0x114 ./Core/Src/EEPROM.o
 .debug_macro   0x000000000000e951      0x1a0 ./Core/Src/EEPROM.o
 .debug_macro   0x000000000000eaf1      0x1ed ./Core/Src/EEPROM.o
 .debug_macro   0x000000000000ecde       0x34 ./Core/Src/EEPROM.o
 .debug_macro   0x000000000000ed12       0x43 ./Core/Src/EEPROM.o
 .debug_macro   0x000000000000ed55       0x28 ./Core/Src/EEPROM.o
 .debug_macro   0x000000000000ed7d      0x33d ./Core/Src/EEPROM.o
 .debug_macro   0x000000000000f0ba       0xd4 ./Core/Src/EEPROM.o
 .debug_macro   0x000000000000f18e       0xb0 ./Core/Src/EEPROM.o
 .debug_macro   0x000000000000f23e      0x199 ./Core/Src/EEPROM.o
 .debug_macro   0x000000000000f3d7      0x22c ./Core/Src/EEPROM.o
 .debug_macro   0x000000000000f603       0x61 ./Core/Src/EEPROM.o
 .debug_macro   0x000000000000f664       0xa5 ./Core/Src/EEPROM.o
 .debug_macro   0x000000000000f709       0x4c ./Core/Src/EEPROM.o
 .debug_macro   0x000000000000f755      0x112 ./Core/Src/EEPROM.o
 .debug_macro   0x000000000000f867      0x2e2 ./Core/Src/EEPROM.o
 .debug_macro   0x000000000000fb49      0x2ca ./Core/Src/EEPROM.o
 .debug_macro   0x000000000000fe13       0xdd ./Core/Src/EEPROM.o
 .debug_macro   0x000000000000fef0      0x114 ./Core/Src/EEPROM.o
 .debug_macro   0x0000000000010004       0x52 ./Core/Src/EEPROM.o
 .debug_macro   0x0000000000010056       0x18 ./Core/Src/EEPROM.o
 .debug_macro   0x000000000001006e       0x3c ./Core/Src/EEPROM.o
 .debug_macro   0x00000000000100aa       0x34 ./Core/Src/EEPROM.o
 .debug_macro   0x00000000000100de       0x16 ./Core/Src/EEPROM.o
 .debug_macro   0x00000000000100f4       0x43 ./Core/Src/EEPROM.o
 .debug_macro   0x0000000000010137       0x34 ./Core/Src/EEPROM.o
 .debug_macro   0x000000000001016b       0x10 ./Core/Src/EEPROM.o
 .debug_macro   0x000000000001017b       0x58 ./Core/Src/EEPROM.o
 .debug_macro   0x00000000000101d3       0x71 ./Core/Src/EEPROM.o
 .debug_macro   0x0000000000010244       0x1c ./Core/Src/EEPROM.o
 .debug_macro   0x0000000000010260      0x12a ./Core/Src/EEPROM.o
 .debug_macro   0x000000000001038a      0x341 ./Core/Src/EEPROM.o
 .debug_macro   0x00000000000106cb      0x19b ./Core/Src/EEPROM.o
 .debug_macro   0x0000000000010866       0x16 ./Core/Src/EEPROM.o
 .debug_macro   0x000000000001087c       0x35 ./Core/Src/EEPROM.o
 .debug_macro   0x00000000000108b1       0x20 ./Core/Src/EEPROM.o
 .debug_macro   0x00000000000108d1      0x417 ./Core/Src/main.o
 .debug_macro   0x0000000000010ce8       0x82 ./Core/Src/main.o
 .debug_macro   0x0000000000010d6a       0x10 ./Core/Src/main.o
 .debug_macro   0x0000000000010d7a       0x10 ./Core/Src/main.o
 .debug_macro   0x0000000000010d8a       0x1c ./Core/Src/main.o
 .debug_macro   0x0000000000010da6       0x52 ./Core/Src/main.o
 .debug_macro   0x0000000000010df8       0x22 ./Core/Src/main.o
 .debug_macro   0x0000000000010e1a       0x10 ./Core/Src/main.o
 .debug_macro   0x0000000000010e2a       0x52 ./Core/Src/main.o
 .debug_macro   0x0000000000010e7c       0xd5 ./Core/Src/main.o
 .debug_macro   0x0000000000010f51       0x1c ./Core/Src/main.o
 .debug_macro   0x0000000000010f6d       0x3d ./Core/Src/main.o
 .debug_macro   0x0000000000010faa      0x51a ./Core/Src/main.o
 .debug_macro   0x00000000000114c4       0x36 ./Core/Src/main.o
 .debug_macro   0x00000000000114fa       0x28 ./Core/Src/main.o
 .debug_macro   0x0000000000011522       0x22 ./Core/Src/main.o
 .debug_macro   0x0000000000011544      0x242 ./Core/Src/main.o
 .debug_macro   0x0000000000011786       0x20 ./Core/Src/main.o
 .debug_macro   0x00000000000117a6       0x3f ./Core/Src/main.o
 .debug_macro   0x00000000000117e5       0x16 ./Core/Src/main.o
 .debug_macro   0x00000000000117fb       0x10 ./Core/Src/main.o
 .debug_macro   0x000000000001180b       0x16 ./Core/Src/main.o
 .debug_macro   0x0000000000011821      0x130 ./Core/Src/main.o
 .debug_macro   0x0000000000011951      0x1d6 ./Core/Src/stm32f0xx_hal_msp.o
 .debug_macro   0x0000000000011b27      0x1e0 ./Core/Src/stm32f0xx_it.o
 .debug_macro   0x0000000000011d07      0x1c7 ./Core/Src/system_stm32f0xx.o
 .debug_macro   0x0000000000011ece      0x33f ./Core/Src/Sensors/src/prox.o
 .debug_macro   0x000000000001220d       0xcf ./Core/Src/Sensors/src/prox.o
 .debug_macro   0x00000000000122dc       0x20 ./Core/Src/Sensors/src/prox.o
 .debug_macro   0x00000000000122fc       0xbe ./Core/Src/Sensors/src/prox.o
 .debug_macro   0x00000000000123ba       0x4f ./Core/Src/Sensors/src/prox.o
 .debug_macro   0x0000000000012409      0x359 ./Core/Src/Sensors/src/sensors.o
 .debug_macro   0x0000000000012762      0x1db ./Core/Src/Sensors/src/temp.o
 .debug_macro   0x000000000001293d      0x2ea ./Core/Src/Sensors/src/vl6180_api.o
 .debug_macro   0x0000000000012c27      0x337 ./Core/Src/Sensors/src/vl6180_i2c.o
 .debug_macro   0x0000000000012f5e       0x1f ./Core/Src/Sensors/src/vl6180_i2c.o
 .debug_macro   0x0000000000012f7d      0x31c ./Core/Src/Sensors/src/vl6180_plaform.o
 .debug_macro   0x0000000000013299      0x1eb ./Drivers/STM32F0xx_HAL_Driver/Src/stm32f0xx_hal.o
 .debug_macro   0x0000000000013484      0x1eb ./Drivers/STM32F0xx_HAL_Driver/Src/stm32f0xx_hal_adc.o
 .debug_macro   0x000000000001366f      0x1d3 ./Drivers/STM32F0xx_HAL_Driver/Src/stm32f0xx_hal_adc_ex.o
 .debug_macro   0x0000000000013842      0x1c7 ./Drivers/STM32F0xx_HAL_Driver/Src/stm32f0xx_hal_cortex.o
 .debug_macro   0x0000000000013a09      0x1ce ./Drivers/STM32F0xx_HAL_Driver/Src/stm32f0xx_hal_gpio.o
 .debug_macro   0x0000000000013bd7      0x28c ./Drivers/STM32F0xx_HAL_Driver/Src/stm32f0xx_hal_i2c.o
 .debug_macro   0x0000000000013e63      0x1c7 ./Drivers/STM32F0xx_HAL_Driver/Src/stm32f0xx_hal_i2c_ex.o
 .debug_macro   0x000000000001402a      0x1d9 ./Drivers/STM32F0xx_HAL_Driver/Src/stm32f0xx_hal_rcc.o
 .debug_macro   0x0000000000014203      0x1c7 ./Drivers/STM32F0xx_HAL_Driver/Src/stm32f0xx_hal_rcc_ex.o
 .debug_macro   0x00000000000143ca      0x1c7 ./Drivers/STM32F0xx_HAL_Driver/Src/stm32f0xx_hal_rtc.o

.debug_line     0x0000000000000000    0x10ee2
 .debug_line    0x0000000000000000      0xa42 ./Core/Src/EEPROM.o
 .debug_line    0x0000000000000a42      0xce5 ./Core/Src/main.o
 .debug_line    0x0000000000001727      0x79e ./Core/Src/stm32f0xx_hal_msp.o
 .debug_line    0x0000000000001ec5      0x769 ./Core/Src/stm32f0xx_it.o
 .debug_line    0x000000000000262e      0x741 ./Core/Src/system_stm32f0xx.o
 .debug_line    0x0000000000002d6f      0x9a5 ./Core/Src/Sensors/src/prox.o
 .debug_line    0x0000000000003714      0x99e ./Core/Src/Sensors/src/sensors.o
 .debug_line    0x00000000000040b2      0x77d ./Core/Src/Sensors/src/temp.o
 .debug_line    0x000000000000482f     0x1923 ./Core/Src/Sensors/src/vl6180_api.o
 .debug_line    0x0000000000006152      0xb2e ./Core/Src/Sensors/src/vl6180_i2c.o
 .debug_line    0x0000000000006c80      0x8f4 ./Core/Src/Sensors/src/vl6180_plaform.o
 .debug_line    0x0000000000007574       0x89 ./Core/Startup/startup_stm32f051r8tx.o
 .debug_line    0x00000000000075fd      0x94c ./Drivers/STM32F0xx_HAL_Driver/Src/stm32f0xx_hal.o
 .debug_line    0x0000000000007f49     0x1192 ./Drivers/STM32F0xx_HAL_Driver/Src/stm32f0xx_hal_adc.o
 .debug_line    0x00000000000090db      0x765 ./Drivers/STM32F0xx_HAL_Driver/Src/stm32f0xx_hal_adc_ex.o
 .debug_line    0x0000000000009840      0x9f8 ./Drivers/STM32F0xx_HAL_Driver/Src/stm32f0xx_hal_cortex.o
 .debug_line    0x000000000000a238      0xac9 ./Drivers/STM32F0xx_HAL_Driver/Src/stm32f0xx_hal_gpio.o
 .debug_line    0x000000000000ad01     0x329c ./Drivers/STM32F0xx_HAL_Driver/Src/stm32f0xx_hal_i2c.o
 .debug_line    0x000000000000df9d      0x8ef ./Drivers/STM32F0xx_HAL_Driver/Src/stm32f0xx_hal_i2c_ex.o
 .debug_line    0x000000000000e88c      0xd38 ./Drivers/STM32F0xx_HAL_Driver/Src/stm32f0xx_hal_rcc.o
 .debug_line    0x000000000000f5c4      0x8f2 ./Drivers/STM32F0xx_HAL_Driver/Src/stm32f0xx_hal_rcc_ex.o
 .debug_line    0x000000000000feb6     0x102c ./Drivers/STM32F0xx_HAL_Driver/Src/stm32f0xx_hal_rtc.o

.debug_str      0x0000000000000000    0x714c1
 .debug_str     0x0000000000000000    0x69af6 ./Core/Src/EEPROM.o
                                      0x69e72 (size before relaxing)
 .debug_str     0x0000000000069af6     0x3c01 ./Core/Src/main.o
                                      0x6d252 (size before relaxing)
 .debug_str     0x000000000006d6f7       0xa7 ./Core/Src/stm32f0xx_hal_msp.o
                                      0x66d0a (size before relaxing)
 .debug_str     0x000000000006d79e       0xcf ./Core/Src/stm32f0xx_it.o
                                      0x66535 (size before relaxing)
 .debug_str     0x000000000006d86d       0x8b ./Core/Src/system_stm32f0xx.o
                                      0x662c1 (size before relaxing)
 .debug_str     0x000000000006d8f8      0x29b ./Core/Src/Sensors/src/prox.o
                                      0x6abf5 (size before relaxing)
 .debug_str     0x000000000006db93       0x88 ./Core/Src/Sensors/src/sensors.o
                                      0x6ab9f (size before relaxing)
 .debug_str     0x000000000006dc1b       0xb0 ./Core/Src/Sensors/src/temp.o
                                      0x66797 (size before relaxing)
 .debug_str     0x000000000006dccb     0x1995 ./Core/Src/Sensors/src/vl6180_api.o
                                       0x9c67 (size before relaxing)
 .debug_str     0x000000000006f660      0x168 ./Core/Src/Sensors/src/vl6180_i2c.o
                                      0x6a765 (size before relaxing)
 .debug_str     0x000000000006f7c8       0x29 ./Core/Src/Sensors/src/vl6180_plaform.o
                                      0x6a0af (size before relaxing)
 .debug_str     0x000000000006f7f1       0x36 ./Core/Startup/startup_stm32f051r8tx.o
                                         0x85 (size before relaxing)
 .debug_str     0x000000000006f827      0x37a ./Drivers/STM32F0xx_HAL_Driver/Src/stm32f0xx_hal.o
                                      0x66884 (size before relaxing)
 .debug_str     0x000000000006fba1      0x341 ./Drivers/STM32F0xx_HAL_Driver/Src/stm32f0xx_hal_adc.o
                                      0x669be (size before relaxing)
 .debug_str     0x000000000006fee2       0x8c ./Drivers/STM32F0xx_HAL_Driver/Src/stm32f0xx_hal_adc_ex.o
                                      0x66648 (size before relaxing)
 .debug_str     0x000000000006ff6e      0x18d ./Drivers/STM32F0xx_HAL_Driver/Src/stm32f0xx_hal_cortex.o
                                      0x66675 (size before relaxing)
 .debug_str     0x00000000000700fb       0xc5 ./Drivers/STM32F0xx_HAL_Driver/Src/stm32f0xx_hal_gpio.o
                                      0x66462 (size before relaxing)
 .debug_str     0x00000000000701c0      0xd59 ./Drivers/STM32F0xx_HAL_Driver/Src/stm32f0xx_hal_i2c.o
                                      0x67588 (size before relaxing)
 .debug_str     0x0000000000070f19       0xb8 ./Drivers/STM32F0xx_HAL_Driver/Src/stm32f0xx_hal_i2c_ex.o
                                      0x66833 (size before relaxing)
 .debug_str     0x0000000000070fd1      0x20f ./Drivers/STM32F0xx_HAL_Driver/Src/stm32f0xx_hal_rcc.o
                                      0x666fd (size before relaxing)
 .debug_str     0x00000000000711e0       0x97 ./Drivers/STM32F0xx_HAL_Driver/Src/stm32f0xx_hal_rcc_ex.o
                                      0x6641c (size before relaxing)
 .debug_str     0x0000000000071277      0x24a ./Drivers/STM32F0xx_HAL_Driver/Src/stm32f0xx_hal_rtc.o
                                      0x66785 (size before relaxing)

.comment        0x0000000000000000       0x50
 .comment       0x0000000000000000       0x50 ./Core/Src/EEPROM.o
                                         0x51 (size before relaxing)
 .comment       0x0000000000000050       0x51 ./Core/Src/main.o
 .comment       0x0000000000000050       0x51 ./Core/Src/stm32f0xx_hal_msp.o
 .comment       0x0000000000000050       0x51 ./Core/Src/stm32f0xx_it.o
 .comment       0x0000000000000050       0x51 ./Core/Src/system_stm32f0xx.o
 .comment       0x0000000000000050       0x51 ./Core/Src/Sensors/src/prox.o
 .comment       0x0000000000000050       0x51 ./Core/Src/Sensors/src/sensors.o
 .comment       0x0000000000000050       0x51 ./Core/Src/Sensors/src/temp.o
 .comment       0x0000000000000050       0x51 ./Core/Src/Sensors/src/vl6180_api.o
 .comment       0x0000000000000050       0x51 ./Core/Src/Sensors/src/vl6180_i2c.o
 .comment       0x0000000000000050       0x51 ./Core/Src/Sensors/src/vl6180_plaform.o
 .comment       0x0000000000000050       0x51 ./Drivers/STM32F0xx_HAL_Driver/Src/stm32f0xx_hal.o
 .comment       0x0000000000000050       0x51 ./Drivers/STM32F0xx_HAL_Driver/Src/stm32f0xx_hal_adc.o
 .comment       0x0000000000000050       0x51 ./Drivers/STM32F0xx_HAL_Driver/Src/stm32f0xx_hal_adc_ex.o
 .comment       0x0000000000000050       0x51 ./Drivers/STM32F0xx_HAL_Driver/Src/stm32f0xx_hal_cortex.o
 .comment       0x0000000000000050       0x51 ./Drivers/STM32F0xx_HAL_Driver/Src/stm32f0xx_hal_gpio.o
 .comment       0x0000000000000050       0x51 ./Drivers/STM32F0xx_HAL_Driver/Src/stm32f0xx_hal_i2c.o
 .comment       0x0000000000000050       0x51 ./Drivers/STM32F0xx_HAL_Driver/Src/stm32f0xx_hal_i2c_ex.o
 .comment       0x0000000000000050       0x51 ./Drivers/STM32F0xx_HAL_Driver/Src/stm32f0xx_hal_rcc.o
 .comment       0x0000000000000050       0x51 ./Drivers/STM32F0xx_HAL_Driver/Src/stm32f0xx_hal_rcc_ex.o
 .comment       0x0000000000000050       0x51 ./Drivers/STM32F0xx_HAL_Driver/Src/stm32f0xx_hal_rtc.o

.debug_frame    0x0000000000000000     0x2dd0
 .debug_frame   0x0000000000000000      0x11c ./Core/Src/EEPROM.o
 .debug_frame   0x000000000000011c      0x1bc ./Core/Src/main.o
 .debug_frame   0x00000000000002d8       0xf0 ./Core/Src/stm32f0xx_hal_msp.o
 .debug_frame   0x00000000000003c8       0xd8 ./Core/Src/stm32f0xx_it.o
 .debug_frame   0x00000000000004a0       0x4c ./Core/Src/system_stm32f0xx.o
 .debug_frame   0x00000000000004ec       0xa8 ./Core/Src/Sensors/src/prox.o
 .debug_frame   0x0000000000000594       0x78 ./Core/Src/Sensors/src/sensors.o
 .debug_frame   0x000000000000060c       0xa4 ./Core/Src/Sensors/src/temp.o
 .debug_frame   0x00000000000006b0      0x85c ./Core/Src/Sensors/src/vl6180_api.o
 .debug_frame   0x0000000000000f0c      0x190 ./Core/Src/Sensors/src/vl6180_i2c.o
 .debug_frame   0x000000000000109c       0x30 ./Core/Src/Sensors/src/vl6180_plaform.o
 .debug_frame   0x00000000000010cc      0x2a4 ./Drivers/STM32F0xx_HAL_Driver/Src/stm32f0xx_hal.o
 .debug_frame   0x0000000000001370      0x3a0 ./Drivers/STM32F0xx_HAL_Driver/Src/stm32f0xx_hal_adc.o
 .debug_frame   0x0000000000001710       0x30 ./Drivers/STM32F0xx_HAL_Driver/Src/stm32f0xx_hal_adc_ex.o
 .debug_frame   0x0000000000001740      0x2a0 ./Drivers/STM32F0xx_HAL_Driver/Src/stm32f0xx_hal_cortex.o
 .debug_frame   0x00000000000019e0      0x110 ./Drivers/STM32F0xx_HAL_Driver/Src/stm32f0xx_hal_gpio.o
 .debug_frame   0x0000000000001af0      0xa24 ./Drivers/STM32F0xx_HAL_Driver/Src/stm32f0xx_hal_i2c.o
 .debug_frame   0x0000000000002514       0xd0 ./Drivers/STM32F0xx_HAL_Driver/Src/stm32f0xx_hal_i2c_ex.o
 .debug_frame   0x00000000000025e4      0x198 ./Drivers/STM32F0xx_HAL_Driver/Src/stm32f0xx_hal_rcc.o
 .debug_frame   0x000000000000277c       0x70 ./Drivers/STM32F0xx_HAL_Driver/Src/stm32f0xx_hal_rcc_ex.o
 .debug_frame   0x00000000000027ec      0x330 ./Drivers/STM32F0xx_HAL_Driver/Src/stm32f0xx_hal_rtc.o
 .debug_frame   0x0000000000002b1c       0x2c c:/st/stm32cubeide_1.8.0/stm32cubeide/plugins/com.st.stm32cube.ide.mcu.externaltools.gnu-tools-for-stm32.10.3-2021.10.win32_1.0.0.202111181127/tools/bin/../lib/gcc/arm-none-eabi/10.3.1/../../../../arm-none-eabi/lib/thumb/v6-m/nofp\libc_nano.a(lib_a-init.o)
 .debug_frame   0x0000000000002b48       0x28 c:/st/stm32cubeide_1.8.0/stm32cubeide/plugins/com.st.stm32cube.ide.mcu.externaltools.gnu-tools-for-stm32.10.3-2021.10.win32_1.0.0.202111181127/tools/bin/../lib/gcc/arm-none-eabi/10.3.1/../../../../arm-none-eabi/lib/thumb/v6-m/nofp\libc_nano.a(lib_a-memcpy-stub.o)
 .debug_frame   0x0000000000002b70       0x20 c:/st/stm32cubeide_1.8.0/stm32cubeide/plugins/com.st.stm32cube.ide.mcu.externaltools.gnu-tools-for-stm32.10.3-2021.10.win32_1.0.0.202111181127/tools/bin/../lib/gcc/arm-none-eabi/10.3.1/../../../../arm-none-eabi/lib/thumb/v6-m/nofp\libc_nano.a(lib_a-memset.o)
 .debug_frame   0x0000000000002b90       0x20 c:/st/stm32cubeide_1.8.0/stm32cubeide/plugins/com.st.stm32cube.ide.mcu.externaltools.gnu-tools-for-stm32.10.3-2021.10.win32_1.0.0.202111181127/tools/bin/../lib/gcc/arm-none-eabi/10.3.1/thumb/v6-m/nofp\libgcc.a(_udivsi3.o)
 .debug_frame   0x0000000000002bb0       0x20 c:/st/stm32cubeide_1.8.0/stm32cubeide/plugins/com.st.stm32cube.ide.mcu.externaltools.gnu-tools-for-stm32.10.3-2021.10.win32_1.0.0.202111181127/tools/bin/../lib/gcc/arm-none-eabi/10.3.1/thumb/v6-m/nofp\libgcc.a(_divsi3.o)
 .debug_frame   0x0000000000002bd0       0x28 c:/st/stm32cubeide_1.8.0/stm32cubeide/plugins/com.st.stm32cube.ide.mcu.externaltools.gnu-tools-for-stm32.10.3-2021.10.win32_1.0.0.202111181127/tools/bin/../lib/gcc/arm-none-eabi/10.3.1/thumb/v6-m/nofp\libgcc.a(_fixunssfsi.o)
 .debug_frame   0x0000000000002bf8       0x38 c:/st/stm32cubeide_1.8.0/stm32cubeide/plugins/com.st.stm32cube.ide.mcu.externaltools.gnu-tools-for-stm32.10.3-2021.10.win32_1.0.0.202111181127/tools/bin/../lib/gcc/arm-none-eabi/10.3.1/thumb/v6-m/nofp\libgcc.a(mulsf3.o)
 .debug_frame   0x0000000000002c30       0x38 c:/st/stm32cubeide_1.8.0/stm32cubeide/plugins/com.st.stm32cube.ide.mcu.externaltools.gnu-tools-for-stm32.10.3-2021.10.win32_1.0.0.202111181127/tools/bin/../lib/gcc/arm-none-eabi/10.3.1/thumb/v6-m/nofp\libgcc.a(subsf3.o)
 .debug_frame   0x0000000000002c68       0x20 c:/st/stm32cubeide_1.8.0/stm32cubeide/plugins/com.st.stm32cube.ide.mcu.externaltools.gnu-tools-for-stm32.10.3-2021.10.win32_1.0.0.202111181127/tools/bin/../lib/gcc/arm-none-eabi/10.3.1/thumb/v6-m/nofp\libgcc.a(fixsfsi.o)
 .debug_frame   0x0000000000002c88       0x2c c:/st/stm32cubeide_1.8.0/stm32cubeide/plugins/com.st.stm32cube.ide.mcu.externaltools.gnu-tools-for-stm32.10.3-2021.10.win32_1.0.0.202111181127/tools/bin/../lib/gcc/arm-none-eabi/10.3.1/thumb/v6-m/nofp\libgcc.a(floatunsisf.o)
 .debug_frame   0x0000000000002cb4       0x3c c:/st/stm32cubeide_1.8.0/stm32cubeide/plugins/com.st.stm32cube.ide.mcu.externaltools.gnu-tools-for-stm32.10.3-2021.10.win32_1.0.0.202111181127/tools/bin/../lib/gcc/arm-none-eabi/10.3.1/thumb/v6-m/nofp\libgcc.a(muldf3.o)
 .debug_frame   0x0000000000002cf0       0x2c c:/st/stm32cubeide_1.8.0/stm32cubeide/plugins/com.st.stm32cube.ide.mcu.externaltools.gnu-tools-for-stm32.10.3-2021.10.win32_1.0.0.202111181127/tools/bin/../lib/gcc/arm-none-eabi/10.3.1/thumb/v6-m/nofp\libgcc.a(extendsfdf2.o)
 .debug_frame   0x0000000000002d1c       0x30 c:/st/stm32cubeide_1.8.0/stm32cubeide/plugins/com.st.stm32cube.ide.mcu.externaltools.gnu-tools-for-stm32.10.3-2021.10.win32_1.0.0.202111181127/tools/bin/../lib/gcc/arm-none-eabi/10.3.1/thumb/v6-m/nofp\libgcc.a(truncdfsf2.o)
 .debug_frame   0x0000000000002d4c       0x2c c:/st/stm32cubeide_1.8.0/stm32cubeide/plugins/com.st.stm32cube.ide.mcu.externaltools.gnu-tools-for-stm32.10.3-2021.10.win32_1.0.0.202111181127/tools/bin/../lib/gcc/arm-none-eabi/10.3.1/thumb/v6-m/nofp\libgcc.a(eqsf2.o)
 .debug_frame   0x0000000000002d78       0x2c c:/st/stm32cubeide_1.8.0/stm32cubeide/plugins/com.st.stm32cube.ide.mcu.externaltools.gnu-tools-for-stm32.10.3-2021.10.win32_1.0.0.202111181127/tools/bin/../lib/gcc/arm-none-eabi/10.3.1/thumb/v6-m/nofp\libgcc.a(gesf2.o)
 .debug_frame   0x0000000000002da4       0x2c c:/st/stm32cubeide_1.8.0/stm32cubeide/plugins/com.st.stm32cube.ide.mcu.externaltools.gnu-tools-for-stm32.10.3-2021.10.win32_1.0.0.202111181127/tools/bin/../lib/gcc/arm-none-eabi/10.3.1/thumb/v6-m/nofp\libgcc.a(lesf2.o)
